{"at":"2026-10-05T05:45:01.305Z","pid":20553,"event":"worker-command-queued","type":"config.health.read"}
{"at":"2026-10-05T05:45:02.759Z","pid":20553,"event":"worker-command-queued","type":"config.health.read"}
{"at":"2026-10-05T05:45:03.894Z","pid":20553,"event":"worker-command-queued","type":"workspace.snapshotAndRegister"}
{"at":"2026-10-05T05:45:03.965Z","pid":20553,"event":"worker-command-queued","type":"workspace.snapshotAndRegister"}
{"at":"2026-10-05T05:45:03.967Z","pid":20553,"event":"worker-command-queued","type":"workspace.snapshotAndRegister"}
{"at":"2026-10-05T05:45:03.969Z","pid":20553,"event":"worker-command-queued","type":"workspace.replaceAttestation"}
{"at":"2026-10-05T05:45:04.461Z","pid":20553,"event":"worker-command-queued","type":"database.prepareWrite"}
{"at":"2026-10-05T05:45:04.587Z","pid":20553,"event":"worker-command-queued","type":"sessionState.record"}
{"at":"2026-10-05T05:45:04.588Z","pid":20553,"event":"worker-command-queued","type":"session.maintenance.prepare"}
{"at":"2026-10-05T05:45:04.832Z","pid":20553,"event":"worker-command-queued","type":"session.entry.read"}
{"at":"2026-10-05T05:45:04.866Z","pid":20553,"event":"worker-command-queued","type":"session.maintenance.metadata"}
{"at":"2026-10-05T05:45:04.875Z","pid":20553,"event":"worker-command-queued","type":"session.maintenance.release"}
{"at":"2026-10-05T05:45:04.876Z","pid":20553,"event":"worker-command-queued","type":"session.maintenance.metadata"}
{"at":"2026-10-05T05:45:05.389Z","pid":20553,"event":"worker-command-queued","type":"workspace.snapshotAndRegister"}
{"at":"2026-10-05T05:45:05.395Z","pid":20553,"event":"worker-command-queued","type":"pluginState.lookup"}
{"at":"2026-10-05T05:45:05.400Z","pid":20553,"event":"worker-command-queued","type":"workspace.snapshotAndRegister"}
{"at":"2026-10-05T05:45:05.441Z","pid":20553,"event":"worker-command-queued","type":"deviceAuth.read"}
{"at":"2026-10-05T05:45:05.443Z","pid":20553,"event":"worker-command-queued","type":"deviceAuth.read"}
{"at":"2026-10-05T05:45:05.862Z","pid":20553,"event":"worker-command-queued","type":"claim"}
{"at":"2026-10-05T05:45:05.912Z","pid":20553,"event":"worker-command-queued","type":"session.turn.prepare"}
{"at":"2026-10-05T05:45:06.004Z","pid":20553,"event":"worker-command-queued","type":"session.turn.prepare"}
{"at":"2026-10-05T05:45:06.021Z","pid":20553,"event":"worker-command-queued","type":"session.turn.commit"}
{"at":"2026-10-05T05:45:06.192Z","pid":20553,"event":"worker-command-queued","type":"session.maintenance.prepare"}
{"at":"2026-10-05T05:45:06.193Z","pid":20553,"event":"worker-command-queued","type":"session.maintenance.metadata"}
{"at":"2026-10-05T05:45:06.195Z","pid":20553,"event":"worker-command-queued","type":"session.maintenance.release"}
{"at":"2026-10-05T05:45:06.195Z","pid":20553,"event":"worker-command-queued","type":"session.maintenance.metadata"}
{"at":"2026-10-05T05:45:06.197Z","pid":20553,"event":"worker-command-queued","type":"session.maintenance.metadata"}
{"at":"2026-10-05T05:45:06.445Z","pid":20553,"event":"worker-command-queued","type":"session.turn.prepare"}
{"at":"2026-10-05T05:45:06.449Z","pid":20553,"event":"worker-command-queued","type":"session.turn.prepare"}
{"at":"2026-10-05T05:45:06.488Z","pid":20553,"event":"worker-command-queued","type":"session.turn.commit"}
{"at":"2026-10-05T05:45:06.496Z","pid":20553,"event":"login-switched-while-queued","type":"session.turn.commit","nth":2}
{"at":"2026-10-05T05:45:06.535Z","pid":20553,"event":"worker-command-queued","type":"session.maintenance.prepare"}
{"at":"2026-10-05T05:45:06.536Z","pid":20553,"event":"worker-command-queued","type":"session.maintenance.metadata"}
{"at":"2026-10-05T05:45:06.538Z","pid":20553,"event":"worker-command-queued","type":"session.maintenance.release"}
{"at":"2026-10-05T05:45:06.539Z","pid":20553,"event":"worker-command-queued","type":"session.maintenance.metadata"}
