
=== git state (status must be empty)
2026-10-07T02:41:58Z
ed494bdcddfb55014c88a9200791d769d8e62a8f

=== standalone plugin build: node scripts/lib/plugin-npm-runtime-build.mjs extensions/memory-wiki
2026-10-07T02:41:59Z
ℹ entry: extensions/memory-wiki/index.ts, extensions/memory-wiki/src/query-reader.worker.ts, extensions/memory-wiki/api.ts, extensions/memory-wiki/cli-metadata.ts, extensions/memory-wiki/doctor-contract-api.ts
ℹ target: node24.16.0
ℹ tsconfig: tsconfig.json
ℹ Build start
ℹ extensions/memory-wiki/dist/index.js                                35.76 kB │ gzip:  8.55 kB
ℹ extensions/memory-wiki/dist/doctor-contract-api.js                   7.30 kB │ gzip:  2.21 kB
ℹ extensions/memory-wiki/dist/cli-metadata.js                          1.19 kB │ gzip:  0.59 kB
ℹ extensions/memory-wiki/dist/src/query-reader.worker.js               0.64 kB │ gzip:  0.39 kB
ℹ extensions/memory-wiki/dist/api.js                                   0.18 kB │ gzip:  0.12 kB
ℹ extensions/memory-wiki/dist/.setup/presentation-CxZRmPLt.mjs       160.38 kB │ gzip: 37.06 kB
ℹ extensions/memory-wiki/dist/.setup/cli-D0gcjz96.mjs                 66.70 kB │ gzip: 17.75 kB
ℹ extensions/memory-wiki/dist/.setup/query-pages-BMLew1XS.mjs         24.67 kB │ gzip:  6.44 kB
ℹ extensions/memory-wiki/dist/.setup/bounded-walk-P-TxE7z-.mjs        18.87 kB │ gzip:  5.32 kB
ℹ extensions/memory-wiki/dist/.setup/import-runs-state-Ch3RiHeP.mjs   18.13 kB │ gzip:  4.57 kB
ℹ extensions/memory-wiki/dist/.setup/config-DmcCAxWw.mjs               7.31 kB │ gzip:  2.20 kB
ℹ 11 files, total: 341.12 kB
✔ Build complete in 98ms
[plugin-npm-runtime-build] built memory-wiki runtime (5 entries)
standalone build exit=0
--- extensions/memory-wiki/dist worker files
-rw-r--r--  1 openclaw  openclaw  641 Oct  6 19:41 extensions/memory-wiki/dist/src/query-reader.worker.js

=== root bundled build: pnpm build (AFTER, HEAD)
2026-10-07T02:41:59Z
pnpm build exit=0
[build-all] plugins:assets:build done in 2.35s
[build-all] tsdown-ai
[build-all] tsdown-ai done in 19.7s
[build-all] tsdown-packages
[build-all] tsdown-packages done in 2m 7.5s
[build-all] tsdown-unified
[build-all] tsdown-unified done in 26.3s
[build-all] write-unified-entry-dts
[build-all] write-unified-entry-dts done in 1m 56.2s
[build-all] external-plugins:local-dist
[build-all] external-plugins:local-dist done in 4.26s
[build-all] check-cli-bootstrap-imports
[build-all] check-cli-bootstrap-imports done in 9.90s
[build-all] plugins:assets:copy
[build-all] plugins:assets:copy done in 1.75s
[build-all] runtime-postbuild
[build-all] runtime-postbuild done in 6.37s
[build-all] build-stamp
[build-all] build-stamp done in 1.31s
[build-all] runtime-postbuild-stamp
[build-all] runtime-postbuild-stamp done in 272ms
[build-all] check-plugin-sdk-exports
[build-all] check-plugin-sdk-exports done in 1.37s
[build-all] ui:build
[build-all] ui:build done in 11.4s
[build-all] write-build-info
[build-all] write-build-info done in 143ms
[build-all] write-cli-startup-metadata
[build-all] write-cli-startup-metadata done in 5.42s
[build-all] phase timings: total 5m 34.3s; slowest tsdown-packages 2m 7.5s; write-unified-entry-dts 1m 56.2s; tsdown-unified 26.3s; tsdown-ai 19.7s; ui:build 11.4s; check-cli-bootstrap-imports 9.90s; runtime-postbuild 6.37s; write-cli-startup-metadata 5.42s; external-plugins:local-dist 4.26s; plugins:assets:build 2.35s; plugins:assets:copy 1.75s; check-plugin-sdk-exports 1.37s; build-stamp 1.31s; runtime-postbuild-stamp 272ms; write-build-info 143ms; native-protocol 71ms
--- dist/extensions/memory-wiki worker files
-rw-r--r--  1 openclaw  openclaw  745 Oct  6 19:45 dist/extensions/memory-wiki/src/query-reader.worker.js
--- dist/extensions/memory-wiki listing
README.md
api.d.ts
api.js
assets
cli-metadata.js
doctor-contract-api.js
index.js
openclaw.plugin.json
package.json
skills
src
query-reader.worker.js
--- worker imports
from "../../../fs-safe-RQzDLrgq.mjs"
from "../../../worker-task-server-DIOaA29D.mjs"
from "../../../query-pages-Bazz21rt.mjs"

=== profiler AFTER: OPENCLAW_LOCAL_CHECK=0 node --import tsx scripts/profile-extension-memory.mts --extension memory-wiki --skip-combined --concurrency 1
2026-10-07T02:47:47Z
[extension-memory] memory-wiki: ok 254.6 MB
[extension-memory] report: <tmp>
  "baselineMb": 43.203125,
        "totalCpuUs": 1249359
      "maxRssMb": 254.609375,
        "totalCpuUs": 1303219,
      "deltaFromBaselineMb": 211.40625
    "qualified": true,
profiler exit=0

=== BEFORE: restore extensions/memory-wiki to base 8e667761db3e749252a770d0c31006c436ec4b26, rebuild, profile
2026-10-07T02:47:49Z
M  extensions/memory-wiki/README.md
M  extensions/memory-wiki/index.test.ts
M  extensions/memory-wiki/index.ts
M  extensions/memory-wiki/package.json
M  extensions/memory-wiki/src/apply.ts
M  extensions/memory-wiki/src/query-pages.ts
D  extensions/memory-wiki/src/query-reader.test.ts
D  extensions/memory-wiki/src/query-reader.ts
D  extensions/memory-wiki/src/query-reader.worker.ts
D  extensions/memory-wiki/src/query-scoring.ts
pnpm build (base plugin) exit=0
[build-all] write-build-info
[build-all] write-build-info done in 153ms
[build-all] write-cli-startup-metadata (cache restored)
[build-all] write-cli-startup-metadata done in 5.34s
[build-all] phase timings: total 3m 10.1s; slowest write-unified-entry-dts 1m 54.2s; tsdown-unified 26.7s; ui:build 11.2s; check-cli-bootstrap-imports 10.5s; runtime-postbuild 6.30s; write-cli-startup-metadata (reused) 5.34s; external-plugins:local-dist 4.64s; tsdown-ai (reused) 2.09s; tsdown-packages (reused) 2.07s; plugins:assets:build 1.98s; plugins:assets:copy 1.75s; check-plugin-sdk-exports 1.43s; build-stamp 1.40s; runtime-postbuild-stamp 288ms; write-build-info 153ms; native-protocol 93ms
--- dist/extensions/memory-wiki worker files at base (expect none)
[extension-memory] memory-wiki: ok 253.6 MB
[extension-memory] report: <tmp>
  "baselineMb": 43.515625,
        "totalCpuUs": 1012835
      "maxRssMb": 253.59375,
        "totalCpuUs": 1075426,
      "deltaFromBaselineMb": 210.078125
    "qualified": false,
[extension-memory] unqualified screening: source identity unavailable or tracked source dirty
profiler exit=0

=== restore HEAD (status must be empty)
2026-10-07T02:51:06Z
ed494bdcddfb55014c88a9200791d769d8e62a8f

=== rebuild dist at HEAD for the built-CLI run
2026-10-07T02:51:06Z
pnpm build (head, second time) exit=0
[build-all] phase timings: total 2m 46.3s; slowest write-unified-entry-dts 1m 33.2s; tsdown-unified 25.2s; ui:build 10.8s; check-cli-bootstrap-imports 10.3s; runtime-postbuild 6.49s; write-cli-startup-metadata (reused) 5.07s; external-plugins:local-dist 4.43s; tsdown-packages (reused) 2.01s; plugins:assets:build 1.89s; tsdown-ai (reused) 1.88s; plugins:assets:copy 1.81s; build-stamp 1.36s; check-plugin-sdk-exports 1.28s; runtime-postbuild-stamp 304ms; write-build-info 155ms; native-protocol 50ms
-rw-r--r--  1 openclaw  openclaw  745 Oct  6 19:51 dist/extensions/memory-wiki/src/query-reader.worker.js

=== built CLI: node openclaw.mjs wiki status / wiki search / wiki get against the vault left by the evidence run (2,500 generated pages)
2026-10-07T02:53:57Z
vault md files:     2504 (2,500 generated pages plus the scaffold's AGENTS.md, WIKI.md, inbox.md, index.md)
--- wiki status --json (vault resolution)
  "vaultScope": "global",
  "vaultPath": "~/work/oss-166304-vault-",
  "vaultExists": true,
--- search1: node openclaw.mjs wiki search cobalt lantern ledger --max-results 3 --json -> exit=0 wall=12.222258000 s, 3 result paths, output head: [   {     "corpus": "wiki",     "path": "concepts/page-258.md",     "title": "lantern yarrow velvet 258",     "kind": "concept",     "score": 67,     "snippet":
--- search2: node openclaw.mjs wiki search cobalt lantern ledger --max-results 3 --json -> exit=0 wall=13.248623000 s, 3 result paths, output head: [   {     "corpus": "wiki",     "path": "concepts/page-258.md",     "title": "lantern yarrow velvet 258",     "kind": "concept",     "score": 67,     "snippet":
--- get1: node openclaw.mjs wiki get entities/page-1.md --lines 2 -> exit=0 wall=3.300039000 s, 0 result paths, output head:  # nimbus ledger zephyr 1 
EXIT=0
