[
  {
    "corpus": "wiki",
    "path": "concepts/page-258.md",
    "title": "lantern yarrow velvet 258",
    "kind": "concept",
    "score": 67,
    "snippet": "beacon fathom sextant ledger cobalt lantern yarrow lantern timber.",
    "searchMode": "auto",
    "id": "concept.page-258",
    "updatedAt": "2026-09-16T00:00:00.000Z",
    "aliases": [
      "granite ravine",
      "wharf"
    ],
    "matchedClaimId": "claim.page-258.23",
    "matchedClaimStatus": "supported",
    "matchedClaimConfidence": 0.92,
    "evidenceKinds": [
      "source"
    ],
    "evidenceSourceIds": [
      "source.page-281"
    ]
  },
  {
    "corpus": "wiki",
    "path": "concepts/page-1134.md",
    "title": "wharf lantern cobalt 1134",
    "kind": "concept",
    "score": 67,
    "snippet": "ledger umber cobalt lantern quarry kestrel pewter yarrow cobalt.",
    "searchMode": "auto",
    "id": "concept.page-1134",
    "updatedAt": "2026-08-23T00:00:00.000Z",
    "aliases": [
      "hollow hollow",
      "beacon"
    ],
    "matchedClaimId": "claim.page-1134.3",
    "matchedClaimStatus": "supported",
    "matchedClaimConfidence": 0.87,
    "evidenceKinds": [
      "source"
    ],
    "evidenceSourceIds": [
      "source.page-1137"
    ]
  },
  {
    "corpus": "wiki",
    "path": "entities/page-1745.md",
    "title": "cobalt anchor ledger 1745",
    "kind": "entity",
    "score": 66,
    "snippet": "lantern hollow cobalt zenith velvet ledger anchor nimbus delta.",
    "searchMode": "auto",
    "id": "entitie.page-1745",
    "updatedAt": "2026-09-03T00:00:00.000Z",
    "aliases": [
      "umber ravine",
      "isthmus"
    ],
    "matchedClaimId": "claim.page-1745.6",
    "matchedClaimStatus": "supported",
    "matchedClaimConfidence": 0.79,
    "evidenceKinds": [
      "source"
    ],
    "evidenceSourceIds": [
      "source.page-1751"
    ]
  }
]
