=== gates start 2026-10-07T04:13:10Z
492827c8100fcb88a9f88e7c565311c798cfa65a
Darwin <host> 27.0.0 Darwin Kernel Version 27.0.0: Tue Aug 11 21:05:42 PDT 2026; root:xnu-13432.1.9~1/RELEASE_ARM64_T6031 arm64
21:13  up 3 days,  5:10, 2 users, load averages: 21.41 22.61 19.19
=== lane: pnpm vitest run extensions/memory-wiki/
lane exit=0

 Test Files  49 passed (49)
      Tests  511 passed | 1 skipped (512)
   Start at  21:13:16
   Duration  109.17s (tests 59%, transform 22%, import 12%, setup 6%)

=== check:changed --base origin/main
21:15  up 3 days,  5:11, 2 users, load averages: 19.68 22.74 19.75
check:changed exit=0

[check:changed] runtime sidecar loader guard
$ node --import ./scripts/tsx.mjs scripts/check-runtime-sidecar-loaders.mts
runtime-sidecar-loaders: local runtime sidecar loaders look OK.

[check:changed] runtime import cycles
$ node --import ./scripts/tsx.mjs scripts/check-import-cycles.ts
Import cycle check: 0 runtime value cycle(s).
=== changed:lanes
$ node scripts/changed-lanes.mjs --json --base origin/main
{
  "paths": [
    "config/max-lines-baseline.txt",
    "docs/plugins/memory-wiki.md",
    "extensions/memory-wiki/index.test.ts",
    "extensions/memory-wiki/index.ts",
    "extensions/memory-wiki/package.json",
    "extensions/memory-wiki/README.md",
    "extensions/memory-wiki/src/apply.ts",
    "extensions/memory-wiki/src/cli.ts",
    "extensions/memory-wiki/src/gateway.ts",
    "extensions/memory-wiki/src/query-pages.ts",
    "extensions/memory-wiki/src/query-reader.test.ts",
    "extensions/memory-wiki/src/query-reader.ts",
    "extensions/memory-wiki/src/query-reader.worker.ts",
    "extensions/memory-wiki/src/query-scheduling.test.ts",
    "extensions/memory-wiki/src/query-scoring.ts",
    "extensions/memory-wiki/src/query-shared-memory.ts",
    "extensions/memory-wiki/src/query.abort.test.ts",
    "extensions/memory-wiki/src/query.reads.test.ts",
    "extensions/memory-wiki/src/query.ts",
    "extensions/memory-wiki/src/tool.ts"
  ],
  "lanes": {
    "core": false,
    "coreTests": false,
    "ui": false,
    "extensions": true,
    "extensionTests": true,
    "scripts": false,
    "testRoot": false,
    "apps": false,
    "docs": true,
    "tooling": true,
    "liveDockerTooling": false,
    "bundledChannelConfigMetadata": true,
    "releaseMetadata": false,
    "all": false
  },
  "extensionImpactFromCore": false,
  "docsOnly": false,
  "reasons": [
    "config/max-lines-baseline.txt: tooling surface",
    "extensions/memory-wiki/index.test.ts: extension test",
    "extensions/memory-wiki/index.ts: extension production",
    "extensions/memory-wiki/package.json: bundled channel config metadata input",
    "extensions/memory-wiki/package.json: extension production",
    "extensions/memory-wiki/src/apply.ts: extension production",
    "extensions/memory-wiki/src/cli.ts: extension production",
    "extensions/memory-wiki/src/gateway.ts: extension production",
    "extensions/memory-wiki/src/query-pages.ts: extension production",
    "extensions/memory-wiki/src/query-reader.test.ts: extension test",
    "extensions/memory-wiki/src/query-reader.ts: extension production",
    "extensions/memory-wiki/src/query-reader.worker.ts: extension production",
    "extensions/memory-wiki/src/query-scheduling.test.ts: extension test",
    "extensions/memory-wiki/src/query-scoring.ts: extension production",
    "extensions/memory-wiki/src/query-shared-memory.ts: extension production",
    "extensions/memory-wiki/src/query.abort.test.ts: extension test",
    "extensions/memory-wiki/src/query.reads.test.ts: extension test",
    "extensions/memory-wiki/src/query.ts: extension production",
    "extensions/memory-wiki/src/tool.ts: extension production"
  ]
}
=== git diff --check origin/main HEAD
diff --check clean
=== gates end 2026-10-07T04:26:44Z
21:26  up 3 days,  5:23, 2 users, load averages: 18.01 16.29 17.44
