(!) Your Vite config uses features that are unsupported by `configLoader: 'native'`, which is planned to become the default in a future major version of Vite:
  - JSON import "./control-ui-i18n-config.json" without import attributes (../../scripts/lib/control-ui-i18n-sync-plan.ts:2:41). Add `with { type: 'json' }`
Set `VITE_CONFIG_NATIVE_IGNORE_WARNING=true` to suppress this warning.
(!) Your Vite config uses features that are unsupported by `configLoader: 'native'`, which is planned to become the default in a future major version of Vite:
  - JSON import "./control-ui-i18n-config.json" without import attributes (../../scripts/lib/control-ui-i18n-sync-plan.ts:2:41). Add `with { type: 'json' }`
Set `VITE_CONFIG_NATIVE_IGNORE_WARNING=true` to suppress this warning.
(!) Your Vite config uses features that are unsupported by `configLoader: 'native'`, which is planned to become the default in a future major version of Vite:
  - JSON import "./control-ui-i18n-config.json" without import attributes (../../scripts/lib/control-ui-i18n-sync-plan.ts:2:41). Add `with { type: 'json' }`
Set `VITE_CONFIG_NATIVE_IGNORE_WARNING=true` to suppress this warning.
(!) Your Vite config uses features that are unsupported by `configLoader: 'native'`, which is planned to become the default in a future major version of Vite:
  - JSON import "./control-ui-i18n-config.json" without import attributes (../../scripts/lib/control-ui-i18n-sync-plan.ts:2:41). Add `with { type: 'json' }`
Set `VITE_CONFIG_NATIVE_IGNORE_WARNING=true` to suppress this warning.
Plugin "vitest:mocks:interceptor" defines Vite-specific hooks (configureServer) in a plugin returned from applyToEnvironment. These hooks will be ignored.

 RUN  v5.0.1 ~/work/oss-166304

 ✓  extension-memory  extensions/memory-wiki/src/query-scheduling.test.ts > memory wiki query scheduling > serves an exact-path read on the calling thread while a whole-vault scan runs in the pool 778ms
 ✓  extension-memory  extensions/memory-wiki/src/query-scheduling.test.ts > memory wiki query scheduling > rejects a scan that exceeds the task bound with the deadline error and keeps serving scans 684ms
 ✓  extension-memory  extensions/memory-wiki/src/query-scheduling.test.ts > memory wiki query scheduling > runs two whole-vault scans in parallel on two workers and queues a third 828ms

 Test Files  1 passed (1)
      Tests  3 passed (3)
   Start at  21:32:24
   Duration  6.49s (tests 36%, transform 34%, import 24%, setup 6%)

