
=== git state (status must be empty)
2026-10-07T04:35:30Z
--- load: 21:35  up 3 days,  5:32, 2 users, load averages: 13.34 15.35 16.81
492827c8100fcb88a9f88e7c565311c798cfa65a

=== RED: head test files against base production code (8e667761db3e749252a770d0c31006c436ec4b26)
2026-10-07T04:35:30Z
--- load: 21:35  up 3 days,  5:32, 2 users, load averages: 13.34 15.35 16.81
M  extensions/memory-wiki/README.md
M  extensions/memory-wiki/index.test.ts
M  extensions/memory-wiki/index.ts
M  extensions/memory-wiki/package.json
M  extensions/memory-wiki/src/apply.ts
M  extensions/memory-wiki/src/cli.ts
M  extensions/memory-wiki/src/gateway.ts
M  extensions/memory-wiki/src/query-pages.ts
D  extensions/memory-wiki/src/query-reader.test.ts
D  extensions/memory-wiki/src/query-reader.ts
D  extensions/memory-wiki/src/query-reader.worker.ts
D  extensions/memory-wiki/src/query-scheduling.test.ts
D  extensions/memory-wiki/src/query-scoring.ts
M  extensions/memory-wiki/src/query-shared-memory.ts
M  extensions/memory-wiki/src/query.ts
M  extensions/memory-wiki/src/tool.ts
red (query.reads) vitest exit=1
 ✓  extension-memory  extensions/memory-wiki/src/query.reads.test.ts > wiki query page reads > searches by phrase, tokens and link text and reads by path, basename and id (compiled=false) 96ms
 ✓  extension-memory  extensions/memory-wiki/src/query.reads.test.ts > wiki query page reads > searches by phrase, tokens and link text and reads by path, basename and id (compiled=true) 263ms
 ✓  extension-memory  extensions/memory-wiki/src/query.reads.test.ts > wiki query page reads > reads sources/alpha.md beside a malformed sibling page 51ms
 ✓  extension-memory  extensions/memory-wiki/src/query.reads.test.ts > wiki query page reads > reads   sources\nested\alpha.md   beside a malformed sibling page 48ms
 ✓  extension-memory  extensions/memory-wiki/src/query.reads.test.ts > wiki query page reads > keeps exact, basename and ID reads equivalent for a large page 112ms
 ✓  extension-memory  extensions/memory-wiki/src/query.reads.test.ts > wiki query page reads > keeps exact, basename and ID reads equivalent for a hardlinked page 72ms
 ✓  extension-memory  extensions/memory-wiki/src/query.reads.test.ts > wiki query page reads > preserves compiled claim precedence over a matching canonical page path 228ms
 ✓  extension-memory  extensions/memory-wiki/src/query.reads.test.ts > wiki query page reads > skips a compiled candidate replaced by deleted state 284ms
 ✓  extension-memory  extensions/memory-wiki/src/query.reads.test.ts > wiki query page reads > skips a compiled candidate replaced by directory state 290ms
 ✓  extension-memory  extensions/memory-wiki/src/query.reads.test.ts > wiki query page reads > retains ID fallback when the canonical candidate is absent 56ms
 ✓  extension-memory  extensions/memory-wiki/src/query.reads.test.ts > wiki query page reads > retains ID fallback when the canonical candidate is invalid 61ms
 ✓  extension-memory  extensions/memory-wiki/src/query.reads.test.ts > wiki query page reads > retains ID fallback when the canonical candidate is directory 57ms
 ✓  extension-memory  extensions/memory-wiki/src/query.reads.test.ts > wiki query page reads > rejects a compiled or exact page swapped outside the vault during exact reads 112ms
 ✓  extension-memory  extensions/memory-wiki/src/query.reads.test.ts > wiki query page reads > rejects a compiled or exact page swapped outside the vault during search reads 344ms
 ×  extension-memory  extensions/memory-wiki/src/query.reads.test.ts > wiki query page reads > never parses whole-vault pages on the calling thread (#166304) 78ms
   → expected "scanWikiPageSummary" to not be called at all, but actually been called 4 times
⎯⎯⎯⎯⎯⎯⎯ Failed Tests 1 ⎯⎯⎯⎯⎯⎯⎯
 FAIL   extension-memory  extensions/memory-wiki/src/query.reads.test.ts > wiki query page reads > never parses whole-vault pages on the calling thread (#166304)
AssertionError: expected "scanWikiPageSummary" to not be called at all, but actually been called 4 times
 Test Files  1 failed (1)
      Tests  1 failed | 14 passed (15)
   Duration  6.24s (tests 37%, transform 34%, import 24%, setup 5%)
red (query.abort) vitest exit=1
 FAIL   extension-memory  extensions/memory-wiki/src/query.abort.test.ts [ extensions/memory-wiki/src/query.abort.test.ts ]
Error: Cannot find module '/extensions/memory-wiki/src/query-reader.ts' imported from ~/work/oss-166304/extensions/memory-wiki/src/query.abort.test.ts
Serialized Error: { code: 'ERR_MODULE_NOT_FOUND' }
 Test Files  1 failed (1)
      Tests  no tests
   Duration  939ms (setup 60%, transform 39%, worker 1%)

=== restore HEAD (status must be empty)
2026-10-07T04:35:50Z
--- load: 21:35  up 3 days,  5:32, 2 users, load averages: 12.18 14.94 16.63

=== GREEN: same test files at HEAD
2026-10-07T04:35:50Z
--- load: 21:35  up 3 days,  5:32, 2 users, load averages: 12.18 14.94 16.63
green (query.reads) vitest exit=0
 ✓  extension-memory  extensions/memory-wiki/src/query.reads.test.ts > wiki query page reads > searches by phrase, tokens and link text and reads by path, basename and id (compiled=false) 450ms
 ✓  extension-memory  extensions/memory-wiki/src/query.reads.test.ts > wiki query page reads > searches by phrase, tokens and link text and reads by path, basename and id (compiled=true) 309ms
 ✓  extension-memory  extensions/memory-wiki/src/query.reads.test.ts > wiki query page reads > reads sources/alpha.md beside a malformed sibling page 53ms
 ✓  extension-memory  extensions/memory-wiki/src/query.reads.test.ts > wiki query page reads > reads   sources\nested\alpha.md   beside a malformed sibling page 50ms
 ✓  extension-memory  extensions/memory-wiki/src/query.reads.test.ts > wiki query page reads > keeps exact, basename and ID reads equivalent for a large page 124ms
 ✓  extension-memory  extensions/memory-wiki/src/query.reads.test.ts > wiki query page reads > keeps exact, basename and ID reads equivalent for a hardlinked page 64ms
 ✓  extension-memory  extensions/memory-wiki/src/query.reads.test.ts > wiki query page reads > preserves compiled claim precedence over a matching canonical page path 252ms
 ✓  extension-memory  extensions/memory-wiki/src/query.reads.test.ts > wiki query page reads > skips a compiled candidate replaced by deleted state 289ms
 ✓  extension-memory  extensions/memory-wiki/src/query.reads.test.ts > wiki query page reads > skips a compiled candidate replaced by directory state 308ms
 ✓  extension-memory  extensions/memory-wiki/src/query.reads.test.ts > wiki query page reads > retains ID fallback when the canonical candidate is absent 60ms
 ✓  extension-memory  extensions/memory-wiki/src/query.reads.test.ts > wiki query page reads > retains ID fallback when the canonical candidate is invalid 66ms
 ✓  extension-memory  extensions/memory-wiki/src/query.reads.test.ts > wiki query page reads > retains ID fallback when the canonical candidate is directory 62ms
 ✓  extension-memory  extensions/memory-wiki/src/query.reads.test.ts > wiki query page reads > rejects a compiled or exact page swapped outside the vault during exact reads 115ms
 ✓  extension-memory  extensions/memory-wiki/src/query.reads.test.ts > wiki query page reads > rejects a compiled or exact page swapped outside the vault during search reads 355ms
 ✓  extension-memory  extensions/memory-wiki/src/query.reads.test.ts > wiki query page reads > never parses whole-vault pages on the calling thread (#166304) 66ms
 Test Files  1 passed (1)
      Tests  15 passed (15)
   Duration  6.59s (tests 41%, transform 32%, import 22%, setup 5%)
green (query.abort) vitest exit=0
 ✓  extension-memory  extensions/memory-wiki/src/query.abort.test.ts > stops parsing vault pages after cancellation during a scan 76ms
 ✓  extension-memory  extensions/memory-wiki/src/query.abort.test.ts > rejects a whole-vault search through the pool's cancellation of its dispatched task 54ms
 Test Files  1 passed (1)
      Tests  2 passed (2)
   Duration  4.08s (transform 50%, import 38%, setup 9%, tests 4%)

=== git state at end (status must be empty)
2026-10-07T04:36:13Z
--- load: 21:36  up 3 days,  5:33, 2 users, load averages: 10.55 14.36 16.38
492827c8100fcb88a9f88e7c565311c798cfa65a
EXIT=0
