(!) Your Vite config uses features that are unsupported by `configLoader: 'native'`, which is planned to become the default in a future major version of Vite:
  - JSON import "./control-ui-i18n-config.json" without import attributes (../../scripts/lib/control-ui-i18n-sync-plan.ts:2:41). Add `with { type: 'json' }`
Set `VITE_CONFIG_NATIVE_IGNORE_WARNING=true` to suppress this warning.
(!) Your Vite config uses features that are unsupported by `configLoader: 'native'`, which is planned to become the default in a future major version of Vite:
  - JSON import "./control-ui-i18n-config.json" without import attributes (../../scripts/lib/control-ui-i18n-sync-plan.ts:2:41). Add `with { type: 'json' }`
Set `VITE_CONFIG_NATIVE_IGNORE_WARNING=true` to suppress this warning.
(!) Your Vite config uses features that are unsupported by `configLoader: 'native'`, which is planned to become the default in a future major version of Vite:
  - JSON import "./control-ui-i18n-config.json" without import attributes (../../scripts/lib/control-ui-i18n-sync-plan.ts:2:41). Add `with { type: 'json' }`
Set `VITE_CONFIG_NATIVE_IGNORE_WARNING=true` to suppress this warning.
(!) Your Vite config uses features that are unsupported by `configLoader: 'native'`, which is planned to become the default in a future major version of Vite:
  - JSON import "./control-ui-i18n-config.json" without import attributes (../../scripts/lib/control-ui-i18n-sync-plan.ts:2:41). Add `with { type: 'json' }`
Set `VITE_CONFIG_NATIVE_IGNORE_WARNING=true` to suppress this warning.
Plugin "vitest:mocks:interceptor" defines Vite-specific hooks (configureServer) in a plugin returned from applyToEnvironment. These hooks will be ignored.

 RUN  v5.0.1 ~/work/oss-166304

 ✓  extension-memory  extensions/memory-wiki/src/query.reads.test.ts > wiki query page reads > searches by phrase, tokens and link text and reads by path, basename and id (compiled=false) 87ms
 ✓  extension-memory  extensions/memory-wiki/src/query.reads.test.ts > wiki query page reads > searches by phrase, tokens and link text and reads by path, basename and id (compiled=true) 225ms
 ✓  extension-memory  extensions/memory-wiki/src/query.reads.test.ts > wiki query page reads > reads sources/alpha.md beside a malformed sibling page 48ms
 ✓  extension-memory  extensions/memory-wiki/src/query.reads.test.ts > wiki query page reads > reads   sources\nested\alpha.md   beside a malformed sibling page 47ms
 ✓  extension-memory  extensions/memory-wiki/src/query.reads.test.ts > wiki query page reads > keeps exact, basename and ID reads equivalent for a large page 96ms
 ✓  extension-memory  extensions/memory-wiki/src/query.reads.test.ts > wiki query page reads > keeps exact, basename and ID reads equivalent for a hardlinked page 53ms
 ✓  extension-memory  extensions/memory-wiki/src/query.reads.test.ts > wiki query page reads > preserves compiled claim precedence over a matching canonical page path 248ms
 ✓  extension-memory  extensions/memory-wiki/src/query.reads.test.ts > wiki query page reads > skips a compiled candidate replaced by deleted state 289ms
 ✓  extension-memory  extensions/memory-wiki/src/query.reads.test.ts > wiki query page reads > skips a compiled candidate replaced by directory state 283ms
 ✓  extension-memory  extensions/memory-wiki/src/query.reads.test.ts > wiki query page reads > retains ID fallback when the canonical candidate is absent 55ms
 ✓  extension-memory  extensions/memory-wiki/src/query.reads.test.ts > wiki query page reads > retains ID fallback when the canonical candidate is invalid 63ms
 ✓  extension-memory  extensions/memory-wiki/src/query.reads.test.ts > wiki query page reads > retains ID fallback when the canonical candidate is directory 64ms
 ✓  extension-memory  extensions/memory-wiki/src/query.reads.test.ts > wiki query page reads > rejects a compiled or exact page swapped outside the vault during exact reads 115ms
 ✓  extension-memory  extensions/memory-wiki/src/query.reads.test.ts > wiki query page reads > rejects a compiled or exact page swapped outside the vault during search reads 341ms
 ×  extension-memory  extensions/memory-wiki/src/query.reads.test.ts > wiki query page reads > never parses whole-vault pages on the calling thread (#166304) 63ms
   → expected "scanWikiPageSummary" to not be called at all, but actually been called 4 times

Received:

  1st scanWikiPageSummary call:

    Array [
      Object {
        "absolutePath": "/private/tmp/openclaw/memory-wiki-test-BcdgWP/concepts/beta.md",
        "includeLinks": false,
        "raw": "---
    pageType: concept
    id: concept.beta
    title: Beta
    ---
    
    # Beta
    
    another readable line
    ",
        "relativePath": "concepts/beta.md",
      },
    ]

  2nd scanWikiPageSummary call:

    Array [
      Object {
        "absolutePath": "/private/tmp/openclaw/memory-wiki-test-BcdgWP/sources/alpha.md",
        "includeLinks": false,
        "raw": "---
    pageType: source
    id: source.alpha
    title: Alpha
    ---
    
    # Alpha
    
    readable line
    ",
        "relativePath": "sources/alpha.md",
      },
    ]

  3rd scanWikiPageSummary call:

    Array [
      Object {
        "absolutePath": "/private/tmp/openclaw/memory-wiki-test-BcdgWP/sources/alpha.md",
        "includeLinks": false,
        "raw": "---
    pageType: source
    id: source.alpha
    title: Alpha
    ---
    
    # Alpha
    
    readable line
    ",
        "relativePath": "sources/alpha.md",
      },
    ]

  4th scanWikiPageSummary call:

    Array [
      Object {
        "absolutePath": "/private/tmp/openclaw/memory-wiki-test-BcdgWP/concepts/beta.md",
        "includeLinks": false,
        "raw": "---
    pageType: concept
    id: concept.beta
    title: Beta
    ---
    
    # Beta
    
    another readable line
    ",
        "relativePath": "concepts/beta.md",
      },
    ]


Number of calls: 4


⎯⎯⎯⎯⎯⎯⎯ Failed Tests 1 ⎯⎯⎯⎯⎯⎯⎯

 FAIL   extension-memory  extensions/memory-wiki/src/query.reads.test.ts > wiki query page reads > never parses whole-vault pages on the calling thread (#166304)
AssertionError: expected "scanWikiPageSummary" to not be called at all, but actually been called 4 times

Received:

  1st scanWikiPageSummary call:

    Array [
      Object {
        "absolutePath": "/private/tmp/openclaw/memory-wiki-test-BcdgWP/concepts/beta.md",
        "includeLinks": false,
        "raw": "---
    pageType: concept
    id: concept.beta
    title: Beta
    ---
    
    # Beta
    
    another readable line
    ",
        "relativePath": "concepts/beta.md",
      },
    ]

  2nd scanWikiPageSummary call:

    Array [
      Object {
        "absolutePath": "/private/tmp/openclaw/memory-wiki-test-BcdgWP/sources/alpha.md",
        "includeLinks": false,
        "raw": "---
    pageType: source
    id: source.alpha
    title: Alpha
    ---
    
    # Alpha
    
    readable line
    ",
        "relativePath": "sources/alpha.md",
      },
    ]

  3rd scanWikiPageSummary call:

    Array [
      Object {
        "absolutePath": "/private/tmp/openclaw/memory-wiki-test-BcdgWP/sources/alpha.md",
        "includeLinks": false,
        "raw": "---
    pageType: source
    id: source.alpha
    title: Alpha
    ---
    
    # Alpha
    
    readable line
    ",
        "relativePath": "sources/alpha.md",
      },
    ]

  4th scanWikiPageSummary call:

    Array [
      Object {
        "absolutePath": "/private/tmp/openclaw/memory-wiki-test-BcdgWP/concepts/beta.md",
        "includeLinks": false,
        "raw": "---
    pageType: concept
    id: concept.beta
    title: Beta
    ---
    
    # Beta
    
    another readable line
    ",
        "relativePath": "concepts/beta.md",
      },
    ]


Number of calls: 4

 ❯ extensions/memory-wiki/src/query.reads.test.ts:222:22
    220|     ).toEqual(["concepts/beta.md", relativePath]);
    221|     expect(page?.path).toBe(relativePath);
    222|     expect(scan).not.toHaveBeenCalled();
       |                      ^
    223|   });
    224| });

⎯⎯⎯⎯⎯⎯⎯⎯⎯⎯⎯⎯⎯⎯⎯⎯⎯⎯⎯⎯⎯⎯⎯⎯[1/1]⎯


 Test Files  1 failed (1)
      Tests  1 failed | 14 passed (15)
   Start at  18:49:12
   Duration  5.44s (tests 40%, transform 35%, import 20%, setup 5%)

