A converged roster, system agent main, no workspace
  resolveAgentWorkspaceDir (wake)        = /tmp/oc-repro/workspace/main
  published owner input (operator)       = /tmp/oc-repro/workspace
  cwdHash operator / wake                = 616f98ec8fe2 / 118270453fbe
  resolveCliSessionReuse                 = {"mode":"invalidate","invalidatedReason":"cwd"}
A2 converged roster, system agent research, no workspace
  resolveAgentWorkspaceDir (wake)        = /tmp/oc-repro/workspace/research
  published owner input (operator)       = /tmp/oc-repro/workspace
  cwdHash operator / wake                = 616f98ec8fe2 / 3b864f980520
  resolveCliSessionReuse                 = {"mode":"invalidate","invalidatedReason":"cwd"}
A' same config as A, non-owner dev
  resolveAgentWorkspaceDir (wake)        = /tmp/oc-repro/workspace/dev
  published owner input (operator)       = /tmp/oc-repro/workspace/dev
  cwdHash operator / wake                = c0b9f90e483a / c0b9f90e483a
  resolveCliSessionReuse                 = {"mode":"reuse","sessionId":"s"}
B main.workspace pinned to defaults
  resolveAgentWorkspaceDir (wake)        = /tmp/oc-repro/workspace
  published owner input (operator)       = /tmp/oc-repro/workspace
  cwdHash operator / wake                = 616f98ec8fe2 / 616f98ec8fe2
  resolveCliSessionReuse                 = {"mode":"reuse","sessionId":"s"}
C sole agent
  resolveAgentWorkspaceDir (wake)        = /tmp/oc-repro/workspace
  published owner input (operator)       = /tmp/oc-repro/workspace
  cwdHash operator / wake                = 616f98ec8fe2 / 616f98ec8fe2
  resolveCliSessionReuse                 = {"mode":"reuse","sessionId":"s"}
