[extension-memory] memory-wiki: ok 254.6 MB
[extension-memory] report: <tmp>
{
  "baselineMb": 43.203125,
  "combinedMb": null,
  "counts": {
    "totalEntries": 1,
    "ok": 1,
    "fail": 0,
    "timeout": 0
  },
  "topByDeltaMb": [
    {
      "dir": "memory-wiki",
      "file": "~/work/oss-166304/dist/extensions/memory-wiki/index.js",
      "relativeFile": "dist/extensions/memory-wiki/index.js",
      "cpuDeltaFromBaseline": {
        "userCpuUs": 1057018,
        "systemCpuUs": 192341,
        "totalCpuUs": 1249359
      },
      "status": "ok",
      "code": 0,
      "signal": null,
      "error": null,
      "maxRssMb": 254.609375,
      "resources": {
        "pid": 20386,
        "maxRssKb": 260720,
        "userCpuUs": 1101587,
        "systemCpuUs": 201632,
        "totalCpuUs": 1303219,
        "runtime": {
          "node": "v24.21.0",
          "v8": "13.6.233.17-node.53",
          "abi": "137",
          "platform": "darwin",
          "arch": "arm64"
        }
      },
      "completion": "imports",
      "cleanup": {
        "childClosed": true,
        "processGroup": "verified"
      },
      "stderrPreview": "__OPENCLAW_IMPORT_COMPLETE__=97b2158c-65e1-4c57-b0ed-b07478c0be79\n__OPENCLAW_IMPORT_RESOURCES__={\"pid\":20386,\"maxRssKb\":260720,\"userCpuUs\":1101587,\"systemCpuUs\":201632,\"runtime\":{\"node\":\"v24.21.0\",\"v8\":\"13.6.233.17-node.53\",\"abi\":\"137\",\"platform\":\"darwin\",\"arch\":\"arm64\"}}",
      "deltaFromBaselineMb": 211.40625
    }
  ],
  "qualification": {
    "qualified": true,
    "gaps": [],
    "scope": "cold-import-snapshot",
    "temporaryHomeRemoved": true
  }
}
