{"compiledMs":79157}
{
  "label": "base-compile",
  "machine": "darwin arm64 node v24.21.0",
  "capturedAt": "2026-10-07T16:41:25.038Z",
  "vault": {
    "path": "~/work/oss-166304-vault-compat",
    "compiled": true
  },
  "query": "cobalt lantern ledger harbor",
  "warmupMs": 1977,
  "searchWallMs": 63,
  "eventLoopUtilization": 0.999,
  "mainThreadCpuMs": 63,
  "processCpuMs": 81,
  "eventLoopDelayMs": {
    "p50": 10.9,
    "p99": 11.6,
    "max": 11.6,
    "mean": 10.9
  },
  "probe": {
    "samples": 1,
    "fsAccessLatencyMs": {
      "p50": 0,
      "p99": 0,
      "max": 0
    },
    "timerLatenessMs": {
      "p50": 2.5,
      "p99": 2.5,
      "max": 2.5
    }
  },
  "memoryMb": {
    "mainThreadHeapUsedPeak": 1329.5,
    "processRssPeak": 2256.9,
    "processRssMinusMainHeapPeak": 927.4,
    "workerThreads": 0,
    "workerHeapUsedPeak": null,
    "workerHeapSamples": 0
  },
  "results": [
    {
      "corpus": "wiki",
      "path": "syntheses/page-1491.md",
      "title": "harbor quartz lagoon 1491",
      "kind": "synthesis",
      "score": 68,
      "snippet": "hollow quarry lantern anchor cobalt vellum yarrow ledger harbor.",
      "searchMode": "auto",
      "id": "synthese.page-1491",
      "updatedAt": "2026-10-19T00:00:00.000Z",
      "aliases": [
        "zenith sextant",
        "lagoon"
      ],
      "matchedClaimId": "claim.page-1491.2",
      "matchedClaimStatus": "supported",
      "matchedClaimConfidence": 0.85,
      "evidenceKinds": [
        "source"
      ],
      "evidenceSourceIds": [
        "source.page-1493"
      ]
    },
    {
      "corpus": "wiki",
      "path": "concepts/page-566.md",
      "title": "isthmus cobalt umber 566",
      "kind": "concept",
      "score": 67,
      "snippet": "ledger umber cobalt fathom marrow quarry harbor delta lantern.",
      "searchMode": "auto",
      "id": "concept.page-566",
      "updatedAt": "2026-09-24T00:00:00.000Z",
      "aliases": [
        "hollow marrow",
        "quarry"
      ],
      "matchedClaimId": "claim.page-566.2",
      "matchedClaimStatus": "supported",
      "matchedClaimConfidence": 0.79,
      "evidenceKinds": [
        "source"
      ],
      "evidenceSourceIds": [
        "source.page-568"
      ]
    },
    {
      "corpus": "wiki",
      "path": "concepts/page-1154.md",
      "title": "lagoon cinder lantern 1154",
      "kind": "concept",
      "score": 66,
      "snippet": "kestrel velvet beacon lantern ledger cobalt ledger umber harbor.",
      "searchMode": "auto",
      "id": "concept.page-1154",
      "updatedAt": "2026-09-12T00:00:00.000Z",
      "aliases": [
        "fathom zephyr",
        "juniper"
      ],
      "matchedClaimId": "claim.page-1154.12",
      "matchedClaimStatus": "supported",
      "matchedClaimConfidence": 0.65,
      "evidenceKinds": [
        "source"
      ],
      "evidenceSourceIds": [
        "source.page-1166"
      ]
    },
    {
      "corpus": "wiki",
      "path": "entities/page-493.md",
      "title": "quarry harbor willow 493",
      "kind": "entity",
      "score": 64,
      "snippet": "wharf lantern cobalt ledger harbor ledger timber velvet nimbus.",
      "searchMode": "auto",
      "id": "entitie.page-493",
      "updatedAt": "2026-07-13T00:00:00.000Z",
      "aliases": [
        "anchor yarrow",
        "marrow"
      ],
      "matchedClaimId": "claim.page-493.3",
      "matchedClaimStatus": "supported",
      "matchedClaimConfidence": 0.92,
      "evidenceKinds": [
        "source"
      ],
      "evidenceSourceIds": [
        "source.page-496"
      ]
    },
    {
      "corpus": "wiki",
      "path": "entities/page-1449.md",
      "title": "juniper ember harbor 1449",
      "kind": "entity",
      "score": 63,
      "snippet": "ravine harbor wharf ledger lagoon cobalt timber orchard lantern.",
      "searchMode": "auto",
      "id": "entitie.page-1449",
      "updatedAt": "2026-09-07T00:00:00.000Z",
      "aliases": [
        "lantern pewter",
        "marrow"
      ],
      "matchedClaimId": "claim.page-1449.13",
      "matchedClaimStatus": "supported",
      "matchedClaimConfidence": 0.84,
      "evidenceKinds": [
        "source"
      ],
      "evidenceSourceIds": [
        "source.page-1462"
      ]
    },
    {
      "corpus": "wiki",
      "path": "syntheses/page-291.md",
      "title": "meridian harbor zephyr 291",
      "kind": "synthesis",
      "score": 63,
      "snippet": "cobalt orchard tundra kestrel isthmus lantern willow ledger harbor.",
      "searchMode": "auto",
      "id": "synthese.page-291",
      "updatedAt": "2026-10-19T00:00:00.000Z",
      "aliases": [
        "willow juniper",
        "timber"
      ],
      "matchedClaimId": "claim.page-291.2",
      "matchedClaimStatus": "supported",
      "matchedClaimConfidence": 0.4,
      "evidenceKinds": [
        "source"
      ],
      "evidenceSourceIds": [
        "source.page-293"
      ]
    },
    {
      "corpus": "wiki",
      "path": "concepts/page-1206.md",
      "title": "harbor ravine zenith 1206",
      "kind": "concept",
      "score": 59,
      "snippet": "pewter lantern pewter velvet harbor zephyr cobalt ledger marrow.",
      "searchMode": "auto",
      "id": "concept.page-1206",
      "updatedAt": "2026-01-07T00:00:00.000Z",
      "aliases": [
        "delta zephyr",
        "zenith"
      ],
      "matchedClaimId": "claim.page-1206.9",
      "matchedClaimStatus": "supported",
      "matchedClaimConfidence": 0.98,
      "evidenceKinds": [
        "source"
      ],
      "evidenceSourceIds": [
        "source.page-1215"
      ]
    },
    {
      "corpus": "wiki",
      "path": "syntheses/page-63.md",
      "title": "umber vellum cobalt 63",
      "kind": "synthesis",
      "score": 59,
      "snippet": "lantern cobalt isthmus harbor ravine ledger pewter juniper sextant.",
      "searchMode": "auto",
      "id": "synthese.page-63",
      "updatedAt": "2026-03-05T00:00:00.000Z",
      "aliases": [
        "delta tundra",
        "vellum"
      ],
      "matchedClaimId": "claim.page-63.10",
      "matchedClaimStatus": "supported",
      "matchedClaimConfidence": 0.99,
      "evidenceKinds": [
        "source"
      ],
      "evidenceSourceIds": [
        "source.page-73"
      ]
    },
    {
      "corpus": "wiki",
      "path": "sources/page-1164.md",
      "title": "hollow wharf yarrow 1164",
      "kind": "source",
      "score": 58,
      "snippet": "kestrel zenith lantern ledger cobalt zephyr harbor isthmus cinder.",
      "searchMode": "auto",
      "id": "source.page-1164",
      "updatedAt": "2026-09-22T00:00:00.000Z",
      "aliases": [
        "anchor quartz",
        "delta"
      ],
      "matchedClaimId": "claim.page-1164.3",
      "matchedClaimStatus": "supported",
      "matchedClaimConfidence": 0.65,
      "evidenceKinds": [
        "source"
      ],
      "evidenceSourceIds": [
        "source.page-1167"
      ]
    },
    {
      "corpus": "wiki",
      "path": "sources/page-1044.md",
      "title": "lantern wharf fathom 1044",
      "kind": "source",
      "score": 58,
      "snippet": "saffron cobalt quartz harbor ledger anchor lantern orchard wharf.",
      "searchMode": "auto",
      "id": "source.page-1044",
      "updatedAt": "2026-05-25T00:00:00.000Z",
      "aliases": [
        "ledger velvet",
        "wharf"
      ],
      "matchedClaimId": "claim.page-1044.17",
      "matchedClaimStatus": "supported",
      "matchedClaimConfidence": 0.9,
      "evidenceKinds": [
        "source"
      ],
      "evidenceSourceIds": [
        "source.page-1061"
      ]
    }
  ]
}
