HEAD=832afc5b07d17847c16c8316b66a82db0b2b283b

=== batch 16 2026-10-07T20:45:14Z load: 15.95 7.30 5.10
 1 file changed, 1 insertion(+), 1 deletion(-)
 "scanWallMs": 53466,  "count": 53,  "p50": 20,  "p99": 151,  "max": 151,  "overMemorySearchDeadline30s": 0, 
search10k wall 13881 mainCpu 77 elu 0.007 workerHeapPeak 99.3

=== batch 64 2026-10-07T20:47:40Z load: 4.47 6.53 5.20
 "scanWallMs": 53796,  "count": 53,  "p50": 97,  "p99": 674,  "max": 674,  "overMemorySearchDeadline30s": 0, 
search10k wall 13935 mainCpu 45 elu 0.004 workerHeapPeak 95.8

=== batch 128 2026-10-07T20:50:07Z load: 2.75 5.04 4.80
 1 file changed, 1 insertion(+), 1 deletion(-)
 "scanWallMs": 56951,  "count": 56,  "p50": 178,  "p99": 1186,  "max": 1186,  "overMemorySearchDeadline30s": 0, 
search10k wall 13392 mainCpu 35 elu 0.003 workerHeapPeak 96.8

=== batch 256 2026-10-07T20:52:35Z load: 2.50 4.01 4.41
 1 file changed, 1 insertion(+), 1 deletion(-)
 "scanWallMs": 56051,  "count": 55,  "p50": 339,  "p99": 1146,  "max": 1146,  "overMemorySearchDeadline30s": 0, 
search10k wall 13535 mainCpu 30 elu 0.003 workerHeapPeak 105.8

=== batch 512 2026-10-07T20:55:01Z load: 2.46 3.39 4.09
 1 file changed, 1 insertion(+), 1 deletion(-)
 "scanWallMs": 54997,  "count": 54,  "p50": 7905,  "p99": 15817,  "max": 15817,  "overMemorySearchDeadline30s": 0, 
search10k wall 13156 mainCpu 26 elu 0.003 workerHeapPeak 114.9
SWEEP DONE
