# reduced like cli-apply.json: the compile report is replaced by its key list
{
  "label": "compat-base",
  "step": "cli-apply",
  "machine": "darwin arm64 node v24.21.0",
  "capturedAt": "2026-10-07T16:42:51.582Z",
  "vault": {
    "path": "~/work/oss-166304-vault-compat-apply-base"
  },
  "lookup": "page-1234",
  "signal": "none (CLI call shape)",
  "outcome": "resolved",
  "wallMs": 60299,
  "error": null,
  "apply": {
    "changed": true,
    "operation": "update_metadata",
    "pagePath": "concepts/page-1234.md",
    "pageId": "concept.page-1234",
    "compile": {
      "_reduced": "the full compile report (about 21.7 MB) is replaced by its key list; every other field of this file is kept whole",
      "keys": [
        "claimCount",
        "frontmatterErrors",
        "pageCounts",
        "pages",
        "updatedFiles",
        "vaultRoot"
      ]
    }
  }
}
