(!) Your Vite config uses features that are unsupported by `configLoader: 'native'`, which is planned to become the default in a future major version of Vite:
  - JSON import "./control-ui-i18n-config.json" without import attributes (../../scripts/lib/control-ui-i18n-sync-plan.ts:2:41). Add `with { type: 'json' }`
Set `VITE_CONFIG_NATIVE_IGNORE_WARNING=true` to suppress this warning.
(!) Your Vite config uses features that are unsupported by `configLoader: 'native'`, which is planned to become the default in a future major version of Vite:
  - JSON import "./control-ui-i18n-config.json" without import attributes (../../scripts/lib/control-ui-i18n-sync-plan.ts:2:41). Add `with { type: 'json' }`
Set `VITE_CONFIG_NATIVE_IGNORE_WARNING=true` to suppress this warning.
(!) Your Vite config uses features that are unsupported by `configLoader: 'native'`, which is planned to become the default in a future major version of Vite:
  - JSON import "./control-ui-i18n-config.json" without import attributes (../../scripts/lib/control-ui-i18n-sync-plan.ts:2:41). Add `with { type: 'json' }`
Set `VITE_CONFIG_NATIVE_IGNORE_WARNING=true` to suppress this warning.
(!) Your Vite config uses features that are unsupported by `configLoader: 'native'`, which is planned to become the default in a future major version of Vite:
  - JSON import "./control-ui-i18n-config.json" without import attributes (../../scripts/lib/control-ui-i18n-sync-plan.ts:2:41). Add `with { type: 'json' }`
Set `VITE_CONFIG_NATIVE_IGNORE_WARNING=true` to suppress this warning.
Plugin "vitest:mocks:interceptor" defines Vite-specific hooks (configureServer) in a plugin returned from applyToEnvironment. These hooks will be ignored.

 RUN  v5.0.1 ~/work/oss-166304

 ✓  extension-memory  extensions/memory-wiki/src/query-scheduling.test.ts > memory wiki query scheduling > serves an exact-path read without the pool while a whole-vault search scan is held 376ms
 ✓  extension-memory  extensions/memory-wiki/src/query-scheduling.test.ts > memory wiki query scheduling > leaves an unsignalled scan unbounded, as on main, and passes a caller signal through 52ms
 ✓  extension-memory  extensions/memory-wiki/src/query-scheduling.test.ts > memory wiki query scheduling > runs a scan as bounded batch tasks, one at a time, with whole-vault results 170ms
 ✓  extension-memory  extensions/memory-wiki/src/query-scheduling.test.ts > memory wiki query scheduling > admits at most two scans at once and queues the rest 365ms

 Test Files  1 passed (1)
      Tests  4 passed (4)
   Start at  13:17:48
   Duration  3.66s (transform 37%, import 29%, tests 28%, setup 6%)

