(!) Your Vite config uses features that are unsupported by `configLoader: 'native'`, which is planned to become the default in a future major version of Vite:
  - JSON import "./control-ui-i18n-config.json" without import attributes (../../scripts/lib/control-ui-i18n-sync-plan.ts:2:41). Add `with { type: 'json' }`
Set `VITE_CONFIG_NATIVE_IGNORE_WARNING=true` to suppress this warning.
(!) Your Vite config uses features that are unsupported by `configLoader: 'native'`, which is planned to become the default in a future major version of Vite:
  - JSON import "./control-ui-i18n-config.json" without import attributes (../../scripts/lib/control-ui-i18n-sync-plan.ts:2:41). Add `with { type: 'json' }`
Set `VITE_CONFIG_NATIVE_IGNORE_WARNING=true` to suppress this warning.
(!) Your Vite config uses features that are unsupported by `configLoader: 'native'`, which is planned to become the default in a future major version of Vite:
  - JSON import "./control-ui-i18n-config.json" without import attributes (../../scripts/lib/control-ui-i18n-sync-plan.ts:2:41). Add `with { type: 'json' }`
Set `VITE_CONFIG_NATIVE_IGNORE_WARNING=true` to suppress this warning.
(!) Your Vite config uses features that are unsupported by `configLoader: 'native'`, which is planned to become the default in a future major version of Vite:
  - JSON import "./control-ui-i18n-config.json" without import attributes (../../scripts/lib/control-ui-i18n-sync-plan.ts:2:41). Add `with { type: 'json' }`
Set `VITE_CONFIG_NATIVE_IGNORE_WARNING=true` to suppress this warning.
Plugin "vitest:mocks:interceptor" defines Vite-specific hooks (configureServer) in a plugin returned from applyToEnvironment. These hooks will be ignored.

 RUN  v5.0.1 ~/work/oss-166304

 ✓  extension-memory  extensions/memory-wiki/src/query.reads.test.ts > wiki query page reads > searches by phrase, tokens and link text and reads by path, basename and id (compiled=false) 357ms
 ✓  extension-memory  extensions/memory-wiki/src/query.reads.test.ts > wiki query page reads > searches by phrase, tokens and link text and reads by path, basename and id (compiled=true) 272ms
 ✓  extension-memory  extensions/memory-wiki/src/query.reads.test.ts > wiki query page reads > reads sources/alpha.md beside a malformed sibling page 52ms
 ✓  extension-memory  extensions/memory-wiki/src/query.reads.test.ts > wiki query page reads > reads   sources\nested\alpha.md   beside a malformed sibling page 50ms
 ✓  extension-memory  extensions/memory-wiki/src/query.reads.test.ts > wiki query page reads > keeps exact, basename and ID reads equivalent for a large page 118ms
 ✓  extension-memory  extensions/memory-wiki/src/query.reads.test.ts > wiki query page reads > keeps exact, basename and ID reads equivalent for a hardlinked page 59ms
 ✓  extension-memory  extensions/memory-wiki/src/query.reads.test.ts > wiki query page reads > preserves compiled claim precedence over a matching canonical page path 264ms
 ✓  extension-memory  extensions/memory-wiki/src/query.reads.test.ts > wiki query page reads > skips a compiled candidate replaced by deleted state 316ms
 ✓  extension-memory  extensions/memory-wiki/src/query.reads.test.ts > wiki query page reads > skips a compiled candidate replaced by directory state 255ms
 ✓  extension-memory  extensions/memory-wiki/src/query.reads.test.ts > wiki query page reads > retains ID fallback when the canonical candidate is absent 55ms
 ✓  extension-memory  extensions/memory-wiki/src/query.reads.test.ts > wiki query page reads > retains ID fallback when the canonical candidate is invalid 63ms
 ✓  extension-memory  extensions/memory-wiki/src/query.reads.test.ts > wiki query page reads > retains ID fallback when the canonical candidate is directory 61ms
 ✓  extension-memory  extensions/memory-wiki/src/query.reads.test.ts > wiki query page reads > rejects a compiled or exact page swapped outside the vault during exact reads 120ms
 ✓  extension-memory  extensions/memory-wiki/src/query.reads.test.ts > wiki query page reads > rejects a compiled or exact page swapped outside the vault during search reads 350ms
 ×  extension-memory  extensions/memory-wiki/src/query.reads.test.ts > wiki query page reads > never parses whole-vault pages on the calling thread (#166304) 65ms
   → expected [] to deeply equal [ 'sources/alpha.md' ]

⎯⎯⎯⎯⎯⎯⎯ Failed Tests 1 ⎯⎯⎯⎯⎯⎯⎯

 FAIL   extension-memory  extensions/memory-wiki/src/query.reads.test.ts > wiki query page reads > never parses whole-vault pages on the calling thread (#166304)
AssertionError: expected [] to deeply equal [ 'sources/alpha.md' ]

- Expected
+ Received

- [
-   "sources/alpha.md",
- ]
+ []

 ❯ extensions/memory-wiki/src/query.reads.test.ts:223:68
    221|     ).toEqual(["concepts/beta.md", relativePath]);
    222|     expect(page?.path).toBe(relativePath);
    223|     expect(scan.mock.calls.map(([params]) => params.relativePath)).toE…
       |                                                                    ^
    224|   });
    225| });

⎯⎯⎯⎯⎯⎯⎯⎯⎯⎯⎯⎯⎯⎯⎯⎯⎯⎯⎯⎯⎯⎯⎯⎯[1/1]⎯


 Test Files  1 failed (1)
      Tests  1 failed | 14 passed (15)
   Start at  14:57:57
   Duration  5.26s (tests 48%, transform 26%, import 21%, setup 5%)

