(!) Your Vite config uses features that are unsupported by `configLoader: 'native'`, which is planned to become the default in a future major version of Vite:
  - JSON import "./control-ui-i18n-config.json" without import attributes (../../scripts/lib/control-ui-i18n-sync-plan.ts:2:41). Add `with { type: 'json' }`
Set `VITE_CONFIG_NATIVE_IGNORE_WARNING=true` to suppress this warning.
(!) Your Vite config uses features that are unsupported by `configLoader: 'native'`, which is planned to become the default in a future major version of Vite:
  - JSON import "./control-ui-i18n-config.json" without import attributes (../../scripts/lib/control-ui-i18n-sync-plan.ts:2:41). Add `with { type: 'json' }`
Set `VITE_CONFIG_NATIVE_IGNORE_WARNING=true` to suppress this warning.
(!) Your Vite config uses features that are unsupported by `configLoader: 'native'`, which is planned to become the default in a future major version of Vite:
  - JSON import "./control-ui-i18n-config.json" without import attributes (../../scripts/lib/control-ui-i18n-sync-plan.ts:2:41). Add `with { type: 'json' }`
Set `VITE_CONFIG_NATIVE_IGNORE_WARNING=true` to suppress this warning.
(!) Your Vite config uses features that are unsupported by `configLoader: 'native'`, which is planned to become the default in a future major version of Vite:
  - JSON import "./control-ui-i18n-config.json" without import attributes (../../scripts/lib/control-ui-i18n-sync-plan.ts:2:41). Add `with { type: 'json' }`
Set `VITE_CONFIG_NATIVE_IGNORE_WARNING=true` to suppress this warning.
Plugin "vitest:mocks:interceptor" defines Vite-specific hooks (configureServer) in a plugin returned from applyToEnvironment. These hooks will be ignored.

 RUN  v5.0.1 ~/work/oss-166304

 ×  extension-memory  extensions/memory-wiki/src/query-scheduling.test.ts > memory wiki query scheduling > serves an exact-path read without the pool while a whole-vault search scan is held 359ms
   → expected [ 'search', 'page' ] to deeply equal [ 'search' ]
 ×  extension-memory  extensions/memory-wiki/src/query-scheduling.test.ts > memory wiki query scheduling > leaves an unsignalled scan unbounded, as on main, and passes a caller signal through 64ms
   → expected [ undefined, undefined ] to deeply equal [ undefined, undefined, …(2) ]
 ×  extension-memory  extensions/memory-wiki/src/query-scheduling.test.ts > memory wiki query scheduling > runs a scan as bounded batch tasks, one at a time, with whole-vault results 118ms
   → expected [ 'search', 'lookup' ] to deeply equal [ 'list', 'search', 'search', …(5) ]
 ×  extension-memory  extensions/memory-wiki/src/query-scheduling.test.ts > memory wiki query scheduling > admits at most two scans at once and queues the rest 343ms
   → expected 1 to be 2 // Object.is equality

⎯⎯⎯⎯⎯⎯⎯ Failed Tests 4 ⎯⎯⎯⎯⎯⎯⎯

 FAIL   extension-memory  extensions/memory-wiki/src/query-scheduling.test.ts > memory wiki query scheduling > serves an exact-path read without the pool while a whole-vault search scan is held
AssertionError: expected [ 'search', 'page' ] to deeply equal [ 'search' ]

- Expected
+ Received

  [
    "search",
+   "page",
  ]

 ❯ extensions/memory-wiki/src/query-scheduling.test.ts:68:62
     66|     expect(page?.path).toBe("sources/page-4.md");
     67|     expect(scanSettled).toBe(false);
     68|     expect(dispatch.mock.calls.map(([task]) => task.select)).toEqual([…
       |                                                              ^
     69|     release();
     70|     expect((await scan).length).toBeGreaterThan(0);

⎯⎯⎯⎯⎯⎯⎯⎯⎯⎯⎯⎯⎯⎯⎯⎯⎯⎯⎯⎯⎯⎯⎯⎯[1/4]⎯

 FAIL   extension-memory  extensions/memory-wiki/src/query-scheduling.test.ts > memory wiki query scheduling > leaves an unsignalled scan unbounded, as on main, and passes a caller signal through
AssertionError: expected [ undefined, undefined ] to deeply equal [ undefined, undefined, …(2) ]

- Expected
+ Received

  [
    undefined,
    undefined,
-   undefined,
-   undefined,
  ]

 ❯ extensions/memory-wiki/src/query-scheduling.test.ts:82:68
     80|
     81|     // Each scan is a listing task and one batch task.
     82|     expect(run.mock.calls.map(([, options]) => options.timeoutMs)).toE…
       |                                                                    ^
     83|       Array(4).fill(undefined),
     84|     );

⎯⎯⎯⎯⎯⎯⎯⎯⎯⎯⎯⎯⎯⎯⎯⎯⎯⎯⎯⎯⎯⎯⎯⎯[2/4]⎯

 FAIL   extension-memory  extensions/memory-wiki/src/query-scheduling.test.ts > memory wiki query scheduling > runs a scan as bounded batch tasks, one at a time, with whole-vault results
AssertionError: expected [ 'search', 'lookup' ] to deeply equal [ 'list', 'search', 'search', …(5) ]

- Expected
+ Received

  [
-   "list",
    "search",
-   "search",
-   "search",
-   "list",
-   "keys",
-   "keys",
-   "keys",
+   "lookup",
  ]

 ❯ extensions/memory-wiki/src/query-scheduling.test.ts:122:47
    120|       "relativePaths" in submitted ? (submitted.relativePaths as strin…
    121|     );
    122|     expect(tasks.map(({ select }) => select)).toEqual([
       |                                               ^
    123|       "list",
    124|       ...Array(3).fill("search"),

⎯⎯⎯⎯⎯⎯⎯⎯⎯⎯⎯⎯⎯⎯⎯⎯⎯⎯⎯⎯⎯⎯⎯⎯[3/4]⎯

 FAIL   extension-memory  extensions/memory-wiki/src/query-scheduling.test.ts > memory wiki query scheduling > admits at most two scans at once and queues the rest
AssertionError: expected 1 to be 2 // Object.is equality

- Expected
+ Received

- 2
+ 1

 ❯ extensions/memory-wiki/src/query-scheduling.test.ts:159:33
    157|
    158|     expect(new Set(run.mock.contexts).size).toBe(1);
    159|     expect(admitted.maxWorkers).toBe(2);
       |                                 ^
    160|     expect(admitted.pendingTasks).toBe(3);
    161|     // Shared compute can admit fewer than two on a small host; never …

⎯⎯⎯⎯⎯⎯⎯⎯⎯⎯⎯⎯⎯⎯⎯⎯⎯⎯⎯⎯⎯⎯⎯⎯[4/4]⎯


 Test Files  1 failed (1)
      Tests  4 failed (4)
   Start at  13:58:20
   Duration  3.87s (transform 43%, import 26%, tests 24%, setup 6%)

