(!) Your Vite config uses features that are unsupported by `configLoader: 'native'`, which is planned to become the default in a future major version of Vite:
  - JSON import "./control-ui-i18n-config.json" without import attributes (../../scripts/lib/control-ui-i18n-sync-plan.ts:2:41). Add `with { type: 'json' }`
Set `VITE_CONFIG_NATIVE_IGNORE_WARNING=true` to suppress this warning.
(!) Your Vite config uses features that are unsupported by `configLoader: 'native'`, which is planned to become the default in a future major version of Vite:
  - JSON import "./control-ui-i18n-config.json" without import attributes (../../scripts/lib/control-ui-i18n-sync-plan.ts:2:41). Add `with { type: 'json' }`
Set `VITE_CONFIG_NATIVE_IGNORE_WARNING=true` to suppress this warning.
(!) Your Vite config uses features that are unsupported by `configLoader: 'native'`, which is planned to become the default in a future major version of Vite:
  - JSON import "./control-ui-i18n-config.json" without import attributes (../../scripts/lib/control-ui-i18n-sync-plan.ts:2:41). Add `with { type: 'json' }`
Set `VITE_CONFIG_NATIVE_IGNORE_WARNING=true` to suppress this warning.
(!) Your Vite config uses features that are unsupported by `configLoader: 'native'`, which is planned to become the default in a future major version of Vite:
  - JSON import "./control-ui-i18n-config.json" without import attributes (../../scripts/lib/control-ui-i18n-sync-plan.ts:2:41). Add `with { type: 'json' }`
Set `VITE_CONFIG_NATIVE_IGNORE_WARNING=true` to suppress this warning.
Plugin "vitest:mocks:interceptor" defines Vite-specific hooks (configureServer) in a plugin returned from applyToEnvironment. These hooks will be ignored.

 RUN  v5.0.1 ~/work/oss-166304

 ✓  extension-memory  extensions/memory-wiki/src/query-scheduling.test.ts > memory wiki query scheduling > serves an exact-path read without the pool while a whole-vault search scan is held 370ms
 ×  extension-memory  extensions/memory-wiki/src/query-scheduling.test.ts > memory wiki query scheduling > leaves an unsignalled scan unbounded, as on main, and passes a caller signal through 54ms
   → expected [ 30000, 30000 ] to deeply equal [ undefined, undefined, …(2) ]
 ×  extension-memory  extensions/memory-wiki/src/query-scheduling.test.ts > memory wiki query scheduling > runs a scan as bounded batch tasks, one at a time, with whole-vault results 113ms
   → expected [ 'search', 'lookup' ] to deeply equal [ 'list', 'search', 'search', …(5) ]
 ✓  extension-memory  extensions/memory-wiki/src/query-scheduling.test.ts > memory wiki query scheduling > admits at most two scans at once and queues the rest 368ms

⎯⎯⎯⎯⎯⎯⎯ Failed Tests 2 ⎯⎯⎯⎯⎯⎯⎯

 FAIL   extension-memory  extensions/memory-wiki/src/query-scheduling.test.ts > memory wiki query scheduling > leaves an unsignalled scan unbounded, as on main, and passes a caller signal through
AssertionError: expected [ 30000, 30000 ] to deeply equal [ undefined, undefined, …(2) ]

- Expected
+ Received

  [
-   undefined,
-   undefined,
-   undefined,
-   undefined,
+   30000,
+   30000,
  ]

 ❯ extensions/memory-wiki/src/query-scheduling.test.ts:82:68
     80|
     81|     // Each scan is a listing task and one batch task.
     82|     expect(run.mock.calls.map(([, options]) => options.timeoutMs)).toE…
       |                                                                    ^
     83|       Array(4).fill(undefined),
     84|     );

⎯⎯⎯⎯⎯⎯⎯⎯⎯⎯⎯⎯⎯⎯⎯⎯⎯⎯⎯⎯⎯⎯⎯⎯[1/2]⎯

 FAIL   extension-memory  extensions/memory-wiki/src/query-scheduling.test.ts > memory wiki query scheduling > runs a scan as bounded batch tasks, one at a time, with whole-vault results
AssertionError: expected [ 'search', 'lookup' ] to deeply equal [ 'list', 'search', 'search', …(5) ]

- Expected
+ Received

  [
-   "list",
    "search",
-   "search",
-   "search",
-   "list",
-   "keys",
-   "keys",
-   "keys",
+   "lookup",
  ]

 ❯ extensions/memory-wiki/src/query-scheduling.test.ts:122:47
    120|       "relativePaths" in submitted ? (submitted.relativePaths as strin…
    121|     );
    122|     expect(tasks.map(({ select }) => select)).toEqual([
       |                                               ^
    123|       "list",
    124|       ...Array(3).fill("search"),

⎯⎯⎯⎯⎯⎯⎯⎯⎯⎯⎯⎯⎯⎯⎯⎯⎯⎯⎯⎯⎯⎯⎯⎯[2/2]⎯


 Test Files  1 failed (1)
      Tests  2 failed | 2 passed (4)
   Start at  13:58:28
   Duration  3.55s (transform 38%, import 28%, tests 27%, setup 7%)

