(!) Your Vite config uses features that are unsupported by `configLoader: 'native'`, which is planned to become the default in a future major version of Vite:
  - JSON import "./control-ui-i18n-config.json" without import attributes (../../scripts/lib/control-ui-i18n-sync-plan.ts:2:41). Add `with { type: 'json' }`
Set `VITE_CONFIG_NATIVE_IGNORE_WARNING=true` to suppress this warning.
(!) Your Vite config uses features that are unsupported by `configLoader: 'native'`, which is planned to become the default in a future major version of Vite:
  - JSON import "./control-ui-i18n-config.json" without import attributes (../../scripts/lib/control-ui-i18n-sync-plan.ts:2:41). Add `with { type: 'json' }`
Set `VITE_CONFIG_NATIVE_IGNORE_WARNING=true` to suppress this warning.
(!) Your Vite config uses features that are unsupported by `configLoader: 'native'`, which is planned to become the default in a future major version of Vite:
  - JSON import "./control-ui-i18n-config.json" without import attributes (../../scripts/lib/control-ui-i18n-sync-plan.ts:2:41). Add `with { type: 'json' }`
Set `VITE_CONFIG_NATIVE_IGNORE_WARNING=true` to suppress this warning.
(!) Your Vite config uses features that are unsupported by `configLoader: 'native'`, which is planned to become the default in a future major version of Vite:
  - JSON import "./control-ui-i18n-config.json" without import attributes (../../scripts/lib/control-ui-i18n-sync-plan.ts:2:41). Add `with { type: 'json' }`
Set `VITE_CONFIG_NATIVE_IGNORE_WARNING=true` to suppress this warning.
Plugin "vitest:mocks:interceptor" defines Vite-specific hooks (configureServer) in a plugin returned from applyToEnvironment. These hooks will be ignored.

 RUN  v5.0.1 ~/work/oss-166304

 ✓  extension-memory  extensions/memory-wiki/src/query-scheduling.test.ts > memory wiki query scheduling > serves an exact-path read without the pool while a whole-vault search scan is held 379ms
 ×  extension-memory  extensions/memory-wiki/src/query-scheduling.test.ts > memory wiki query scheduling > leaves an unsignalled scan unbounded, as on main, and passes a caller signal through 55ms
   → expected [ undefined, undefined ] to deeply equal [ undefined, undefined, …(2) ]
 ×  extension-memory  extensions/memory-wiki/src/query-scheduling.test.ts > memory wiki query scheduling > reads an uncontended scan as one task that checkpoints between segments 130ms
   → expected [ 'search', 'search', 'lookup' ] to deeply equal [ 'list', 'search', 'list', …(3) ]
 ✓  extension-memory  extensions/memory-wiki/src/query-scheduling.test.ts > memory wiki query scheduling > admits at most two scans at once and queues the rest 367ms

⎯⎯⎯⎯⎯⎯⎯ Failed Tests 2 ⎯⎯⎯⎯⎯⎯⎯

 FAIL   extension-memory  extensions/memory-wiki/src/query-scheduling.test.ts > memory wiki query scheduling > leaves an unsignalled scan unbounded, as on main, and passes a caller signal through
AssertionError: expected [ undefined, undefined ] to deeply equal [ undefined, undefined, …(2) ]

- Expected
+ Received

  [
    undefined,
    undefined,
-   undefined,
-   undefined,
  ]

 ❯ extensions/memory-wiki/src/query-scheduling.test.ts:86:68
     84|
     85|     // Each scan is a listing task and one scan task.
     86|     expect(run.mock.calls.map(([, options]) => options.timeoutMs)).toE…
       |                                                                    ^
     87|       Array(4).fill(undefined),
     88|     );

⎯⎯⎯⎯⎯⎯⎯⎯⎯⎯⎯⎯⎯⎯⎯⎯⎯⎯⎯⎯⎯⎯⎯⎯[1/2]⎯

 FAIL   extension-memory  extensions/memory-wiki/src/query-scheduling.test.ts > memory wiki query scheduling > reads an uncontended scan as one task that checkpoints between segments
AssertionError: expected [ 'search', 'search', 'lookup' ] to deeply equal [ 'list', 'search', 'list', …(3) ]

- Expected
+ Received

  [
-   "list",
    "search",
-   "list",
    "search",
-   "list",
-   "keys",
+   "lookup",
  ]

 ❯ extensions/memory-wiki/src/query-scheduling.test.ts:132:91
    130|     });
    131|
    132|     expect(run.mock.calls.map(([submitted]) => (submitted as { select:…
       |                                                                                           ^
    133|       "list",
    134|       "search",

⎯⎯⎯⎯⎯⎯⎯⎯⎯⎯⎯⎯⎯⎯⎯⎯⎯⎯⎯⎯⎯⎯⎯⎯[2/2]⎯


 Test Files  1 failed (1)
      Tests  2 failed | 2 passed (4)
   Start at  14:57:38
   Duration  3.68s (transform 38%, import 29%, tests 27%, setup 7%)

