(!) Your Vite config uses features that are unsupported by `configLoader: 'native'`, which is planned to become the default in a future major version of Vite:
  - JSON import "./control-ui-i18n-config.json" without import attributes (../../scripts/lib/control-ui-i18n-sync-plan.ts:2:41). Add `with { type: 'json' }`
Set `VITE_CONFIG_NATIVE_IGNORE_WARNING=true` to suppress this warning.
(!) Your Vite config uses features that are unsupported by `configLoader: 'native'`, which is planned to become the default in a future major version of Vite:
  - JSON import "./control-ui-i18n-config.json" without import attributes (../../scripts/lib/control-ui-i18n-sync-plan.ts:2:41). Add `with { type: 'json' }`
Set `VITE_CONFIG_NATIVE_IGNORE_WARNING=true` to suppress this warning.
(!) Your Vite config uses features that are unsupported by `configLoader: 'native'`, which is planned to become the default in a future major version of Vite:
  - JSON import "./control-ui-i18n-config.json" without import attributes (../../scripts/lib/control-ui-i18n-sync-plan.ts:2:41). Add `with { type: 'json' }`
Set `VITE_CONFIG_NATIVE_IGNORE_WARNING=true` to suppress this warning.
(!) Your Vite config uses features that are unsupported by `configLoader: 'native'`, which is planned to become the default in a future major version of Vite:
  - JSON import "./control-ui-i18n-config.json" without import attributes (../../scripts/lib/control-ui-i18n-sync-plan.ts:2:41). Add `with { type: 'json' }`
Set `VITE_CONFIG_NATIVE_IGNORE_WARNING=true` to suppress this warning.
Plugin "vitest:mocks:interceptor" defines Vite-specific hooks (configureServer) in a plugin returned from applyToEnvironment. These hooks will be ignored.

 RUN  v5.0.1 ~/work/oss-166304

 ✓  extension-memory  extensions/memory-wiki/src/query.reads.test.ts > wiki query page reads > searches by phrase, tokens and link text and reads by path, basename and id (compiled=false) 374ms
 ✓  extension-memory  extensions/memory-wiki/src/query.reads.test.ts > wiki query page reads > searches by phrase, tokens and link text and reads by path, basename and id (compiled=true) 316ms
 ✓  extension-memory  extensions/memory-wiki/src/query.reads.test.ts > wiki query page reads > reads sources/alpha.md beside a malformed sibling page 58ms
 ✓  extension-memory  extensions/memory-wiki/src/query.reads.test.ts > wiki query page reads > reads   sources\nested\alpha.md   beside a malformed sibling page 59ms
 ✓  extension-memory  extensions/memory-wiki/src/query.reads.test.ts > wiki query page reads > keeps exact, basename and ID reads equivalent for a large page 125ms
 ✓  extension-memory  extensions/memory-wiki/src/query.reads.test.ts > wiki query page reads > keeps exact, basename and ID reads equivalent for a hardlinked page 52ms
 ✓  extension-memory  extensions/memory-wiki/src/query.reads.test.ts > wiki query page reads > preserves compiled claim precedence over a matching canonical page path 228ms
 ✓  extension-memory  extensions/memory-wiki/src/query.reads.test.ts > wiki query page reads > skips a compiled candidate replaced by deleted state 280ms
 ✓  extension-memory  extensions/memory-wiki/src/query.reads.test.ts > wiki query page reads > skips a compiled candidate replaced by directory state 281ms
 ✓  extension-memory  extensions/memory-wiki/src/query.reads.test.ts > wiki query page reads > retains ID fallback when the canonical candidate is absent 55ms
 ✓  extension-memory  extensions/memory-wiki/src/query.reads.test.ts > wiki query page reads > retains ID fallback when the canonical candidate is invalid 64ms
 ✓  extension-memory  extensions/memory-wiki/src/query.reads.test.ts > wiki query page reads > retains ID fallback when the canonical candidate is directory 61ms
 ✓  extension-memory  extensions/memory-wiki/src/query.reads.test.ts > wiki query page reads > rejects a compiled or exact page swapped outside the vault during exact reads 130ms
 ✓  extension-memory  extensions/memory-wiki/src/query.reads.test.ts > wiki query page reads > rejects a compiled or exact page swapped outside the vault during search reads 407ms
 ✓  extension-memory  extensions/memory-wiki/src/query.reads.test.ts > wiki query page reads > never parses whole-vault pages on the calling thread (#166304) 80ms

 Test Files  1 passed (1)
      Tests  15 passed (15)
   Start at  10:07:12
   Duration  5.64s (tests 47%, transform 28%, import 21%, setup 4%)

