
=== git state at start (status must be empty)
2026-10-07T17:06:30Z
--- load: 10:06  up 3 days, 18:03, 1 user, load averages: 3.21 3.54 5.97
083b81fb217ddb73007837aabc5bb9a2aa702cad

=== RED: extensions/memory-wiki/src/query-reader.test.ts against the first draft's production code (a5af25c3924b21935856b4ff9f4e0be08d071a89)
2026-10-07T17:06:30Z
--- load: 10:06  up 3 days, 18:03, 1 user, load averages: 3.21 3.54 5.97
M  extensions/memory-wiki/README.md
M  extensions/memory-wiki/src/cli.ts
M  extensions/memory-wiki/src/gateway.ts
M  extensions/memory-wiki/src/query-reader.ts
D  extensions/memory-wiki/src/query-scheduling.test.ts
M  extensions/memory-wiki/src/query.ts
M  extensions/memory-wiki/src/tool.ts
red-reader.log exit=1
 ✓  extension-memory  extensions/memory-wiki/src/query-reader.test.ts > memory wiki query reader > returns the same results through the worker as an in-thread whole-vault read (compiled=false) 603ms
 ✓  extension-memory  extensions/memory-wiki/src/query-reader.test.ts > memory wiki query reader > returns the same results through the worker as an in-thread whole-vault read (compiled=true) 570ms
 ✓  extension-memory  extensions/memory-wiki/src/query-reader.test.ts > memory wiki query reader > backfills underfilled digest candidates from the rest of the vault 394ms
 ✓  extension-memory  extensions/memory-wiki/src/query-reader.test.ts > memory wiki query reader > reads only compiled metadata candidates for distributed query tokens 478ms
 ×  extension-memory  extensions/memory-wiki/src/query-reader.test.ts > memory wiki query reader > reads exact paths on the calling thread and dispatches basename reads as whole-vault lookups 70ms
   → expected [ [ 'page', [ 'sources/page-1.md' ] ] ] to deeply equal []
 ✓  extension-memory  extensions/memory-wiki/src/query-reader.test.ts > memory wiki query reader > reads query pages without extracting the link graph 67ms
 ✓  extension-memory  extensions/memory-wiki/src/query-reader.test.ts > memory wiki query reader > applies the serialized sandbox scope inside the worker 72ms
 ✓  extension-memory  extensions/memory-wiki/src/query-reader.test.ts > memory wiki query reader > rejects a page swapped outside the vault between listing and reading 108ms
 ✓  extension-memory  extensions/memory-wiki/src/query-reader.test.ts > memory wiki query reader > rebuilds a worker boundary refusal as the same error on the host 114ms
 ✓  extension-memory  extensions/memory-wiki/src/query-reader.test.ts > memory wiki query reader > rejects a read whose signal is already aborted without dispatching it 67ms
 ✓  extension-memory  extensions/memory-wiki/src/query-reader.test.ts > memory wiki query reader > rejects a read queued behind a running scan and lets the scan finish 382ms
 ✓  extension-memory  extensions/memory-wiki/src/query-reader.test.ts > memory wiki query reader > recovers on a fresh worker after a running read is cancelled 347ms
 ✓  extension-memory  extensions/memory-wiki/src/query-reader.test.ts > memory wiki query reader > recreates the reader after the plugin closes it 355ms
⎯⎯⎯⎯⎯⎯⎯ Failed Tests 1 ⎯⎯⎯⎯⎯⎯⎯
 FAIL   extension-memory  extensions/memory-wiki/src/query-reader.test.ts > memory wiki query reader > reads exact paths on the calling thread and dispatches basename reads as whole-vault lookups
AssertionError: expected [ [ 'page', [ 'sources/page-1.md' ] ] ] to deeply equal []
 Test Files  1 failed (1)
      Tests  1 failed | 12 passed (13)
   Start at  10:06:35
   Duration  6.83s (tests 55%, transform 26%, import 15%, setup 4%)

=== RED: extensions/memory-wiki/src/query.reads.test.ts and extensions/memory-wiki/src/query.abort.test.ts against base production code (ebc4e6de603c5c1ce55086f13565e21feb1c297d)
2026-10-07T17:06:42Z
--- load: 10:06  up 3 days, 18:03, 1 user, load averages: 3.36 3.56 5.93
M  extensions/memory-wiki/README.md
M  extensions/memory-wiki/index.test.ts
M  extensions/memory-wiki/index.ts
M  extensions/memory-wiki/package.json
M  extensions/memory-wiki/src/apply.ts
M  extensions/memory-wiki/src/cli.ts
M  extensions/memory-wiki/src/gateway.ts
M  extensions/memory-wiki/src/query-pages.ts
D  extensions/memory-wiki/src/query-reader.test.ts
D  extensions/memory-wiki/src/query-reader.ts
D  extensions/memory-wiki/src/query-reader.worker.ts
D  extensions/memory-wiki/src/query-scheduling.test.ts
D  extensions/memory-wiki/src/query-scoring.ts
M  extensions/memory-wiki/src/query-shared-memory.ts
M  extensions/memory-wiki/src/query.ts
M  extensions/memory-wiki/src/tool.ts
red-reads.log exit=1
 ✓  extension-memory  extensions/memory-wiki/src/query.reads.test.ts > wiki query page reads > searches by phrase, tokens and link text and reads by path, basename and id (compiled=false) 97ms
 ✓  extension-memory  extensions/memory-wiki/src/query.reads.test.ts > wiki query page reads > searches by phrase, tokens and link text and reads by path, basename and id (compiled=true) 275ms
 ✓  extension-memory  extensions/memory-wiki/src/query.reads.test.ts > wiki query page reads > reads sources/alpha.md beside a malformed sibling page 46ms
 ✓  extension-memory  extensions/memory-wiki/src/query.reads.test.ts > wiki query page reads > reads   sources\nested\alpha.md   beside a malformed sibling page 45ms
 ✓  extension-memory  extensions/memory-wiki/src/query.reads.test.ts > wiki query page reads > keeps exact, basename and ID reads equivalent for a large page 84ms
 ✓  extension-memory  extensions/memory-wiki/src/query.reads.test.ts > wiki query page reads > keeps exact, basename and ID reads equivalent for a hardlinked page 49ms
 ✓  extension-memory  extensions/memory-wiki/src/query.reads.test.ts > wiki query page reads > preserves compiled claim precedence over a matching canonical page path 268ms
 ✓  extension-memory  extensions/memory-wiki/src/query.reads.test.ts > wiki query page reads > skips a compiled candidate replaced by deleted state 292ms
 ✓  extension-memory  extensions/memory-wiki/src/query.reads.test.ts > wiki query page reads > skips a compiled candidate replaced by directory state 280ms
 ✓  extension-memory  extensions/memory-wiki/src/query.reads.test.ts > wiki query page reads > retains ID fallback when the canonical candidate is absent 52ms
 ✓  extension-memory  extensions/memory-wiki/src/query.reads.test.ts > wiki query page reads > retains ID fallback when the canonical candidate is invalid 52ms
 ✓  extension-memory  extensions/memory-wiki/src/query.reads.test.ts > wiki query page reads > retains ID fallback when the canonical candidate is directory 57ms
 ✓  extension-memory  extensions/memory-wiki/src/query.reads.test.ts > wiki query page reads > rejects a compiled or exact page swapped outside the vault during exact reads 118ms
 ✓  extension-memory  extensions/memory-wiki/src/query.reads.test.ts > wiki query page reads > rejects a compiled or exact page swapped outside the vault during search reads 401ms
 ×  extension-memory  extensions/memory-wiki/src/query.reads.test.ts > wiki query page reads > never parses whole-vault pages on the calling thread (#166304) 71ms
   → expected "scanWikiPageSummary" to not be called at all, but actually been called 4 times
⎯⎯⎯⎯⎯⎯⎯ Failed Tests 1 ⎯⎯⎯⎯⎯⎯⎯
 FAIL   extension-memory  extensions/memory-wiki/src/query.reads.test.ts > wiki query page reads > never parses whole-vault pages on the calling thread (#166304)
AssertionError: expected "scanWikiPageSummary" to not be called at all, but actually been called 4 times
 Test Files  1 failed (1)
      Tests  1 failed | 14 passed (15)
   Start at  10:06:46
   Duration  4.94s (tests 46%, transform 28%, import 21%, setup 5%)
red-abort.log exit=1
 FAIL   extension-memory  extensions/memory-wiki/src/query.abort.test.ts [ extensions/memory-wiki/src/query.abort.test.ts ]
Error: Cannot find module '/extensions/memory-wiki/src/query-reader.ts' imported from ~/work/oss-166304/extensions/memory-wiki/src/query.abort.test.ts
Serialized Error: { code: 'ERR_MODULE_NOT_FOUND' }
 Test Files  1 failed (1)
      Tests  no tests
   Start at  10:06:56
   Duration  656ms (setup 61%, transform 38%, worker 1%)

=== GREEN: the same files at the head
2026-10-07T17:06:57Z
--- load: 10:06  up 3 days, 18:03, 1 user, load averages: 3.43 3.57 5.89
green-reader.log exit=0
 ✓  extension-memory  extensions/memory-wiki/src/query-reader.test.ts > memory wiki query reader > returns the same results through the worker as an in-thread whole-vault read (compiled=false) 568ms
 ✓  extension-memory  extensions/memory-wiki/src/query-reader.test.ts > memory wiki query reader > returns the same results through the worker as an in-thread whole-vault read (compiled=true) 647ms
 ✓  extension-memory  extensions/memory-wiki/src/query-reader.test.ts > memory wiki query reader > backfills underfilled digest candidates from the rest of the vault 477ms
 ✓  extension-memory  extensions/memory-wiki/src/query-reader.test.ts > memory wiki query reader > reads only compiled metadata candidates for distributed query tokens 471ms
 ✓  extension-memory  extensions/memory-wiki/src/query-reader.test.ts > memory wiki query reader > reads exact paths on the calling thread and dispatches basename reads as whole-vault lookups 66ms
 ✓  extension-memory  extensions/memory-wiki/src/query-reader.test.ts > memory wiki query reader > reads query pages without extracting the link graph 64ms
 ✓  extension-memory  extensions/memory-wiki/src/query-reader.test.ts > memory wiki query reader > applies the serialized sandbox scope inside the worker 65ms
 ✓  extension-memory  extensions/memory-wiki/src/query-reader.test.ts > memory wiki query reader > rejects a page swapped outside the vault between listing and reading 114ms
 ✓  extension-memory  extensions/memory-wiki/src/query-reader.test.ts > memory wiki query reader > rebuilds a worker boundary refusal as the same error on the host 116ms
 ✓  extension-memory  extensions/memory-wiki/src/query-reader.test.ts > memory wiki query reader > rejects a read whose signal is already aborted without dispatching it 66ms
 ✓  extension-memory  extensions/memory-wiki/src/query-reader.test.ts > memory wiki query reader > rejects a read queued behind a running scan and lets the scan finish 361ms
 ✓  extension-memory  extensions/memory-wiki/src/query-reader.test.ts > memory wiki query reader > recovers on a fresh worker after a running read is cancelled 355ms
 ✓  extension-memory  extensions/memory-wiki/src/query-reader.test.ts > memory wiki query reader > recreates the reader after the plugin closes it 339ms
 Test Files  1 passed (1)
      Tests  13 passed (13)
   Start at  10:07:01
   Duration  6.69s (tests 57%, transform 22%, import 17%, setup 4%)
green-reads.log exit=0
 ✓  extension-memory  extensions/memory-wiki/src/query.reads.test.ts > wiki query page reads > searches by phrase, tokens and link text and reads by path, basename and id (compiled=false) 374ms
 ✓  extension-memory  extensions/memory-wiki/src/query.reads.test.ts > wiki query page reads > searches by phrase, tokens and link text and reads by path, basename and id (compiled=true) 316ms
 ✓  extension-memory  extensions/memory-wiki/src/query.reads.test.ts > wiki query page reads > reads sources/alpha.md beside a malformed sibling page 58ms
 ✓  extension-memory  extensions/memory-wiki/src/query.reads.test.ts > wiki query page reads > reads   sources\nested\alpha.md   beside a malformed sibling page 59ms
 ✓  extension-memory  extensions/memory-wiki/src/query.reads.test.ts > wiki query page reads > keeps exact, basename and ID reads equivalent for a large page 125ms
 ✓  extension-memory  extensions/memory-wiki/src/query.reads.test.ts > wiki query page reads > keeps exact, basename and ID reads equivalent for a hardlinked page 52ms
 ✓  extension-memory  extensions/memory-wiki/src/query.reads.test.ts > wiki query page reads > preserves compiled claim precedence over a matching canonical page path 228ms
 ✓  extension-memory  extensions/memory-wiki/src/query.reads.test.ts > wiki query page reads > skips a compiled candidate replaced by deleted state 280ms
 ✓  extension-memory  extensions/memory-wiki/src/query.reads.test.ts > wiki query page reads > skips a compiled candidate replaced by directory state 281ms
 ✓  extension-memory  extensions/memory-wiki/src/query.reads.test.ts > wiki query page reads > retains ID fallback when the canonical candidate is absent 55ms
 ✓  extension-memory  extensions/memory-wiki/src/query.reads.test.ts > wiki query page reads > retains ID fallback when the canonical candidate is invalid 64ms
 ✓  extension-memory  extensions/memory-wiki/src/query.reads.test.ts > wiki query page reads > retains ID fallback when the canonical candidate is directory 61ms
 ✓  extension-memory  extensions/memory-wiki/src/query.reads.test.ts > wiki query page reads > rejects a compiled or exact page swapped outside the vault during exact reads 130ms
 ✓  extension-memory  extensions/memory-wiki/src/query.reads.test.ts > wiki query page reads > rejects a compiled or exact page swapped outside the vault during search reads 407ms
 ✓  extension-memory  extensions/memory-wiki/src/query.reads.test.ts > wiki query page reads > never parses whole-vault pages on the calling thread (#166304) 80ms
 Test Files  1 passed (1)
      Tests  15 passed (15)
   Start at  10:07:12
   Duration  5.64s (tests 47%, transform 28%, import 21%, setup 4%)
green-abort.log exit=0
 ✓  extension-memory  extensions/memory-wiki/src/query.abort.test.ts > stops parsing vault pages after cancellation during a scan 87ms
 ✓  extension-memory  extensions/memory-wiki/src/query.abort.test.ts > rejects a whole-vault search through the pool's cancellation of its dispatched task 64ms
 Test Files  1 passed (1)
      Tests  2 passed (2)
   Start at  10:07:22
   Duration  2.83s (transform 49%, import 37%, setup 8%, tests 6%)

=== TEST COST at the head: one untimed warm-up run per file, then the timed run (pnpm test <file> --maxWorkers=1)
2026-10-07T17:07:25Z
--- load: 10:07  up 3 days, 18:04, 1 user, load averages: 3.41 3.55 5.82
--- head (warm): extensions/memory-wiki/src/query-reader.test.ts
 Test Files  1 passed (1)
      Tests  13 passed (13)
   Duration  10.16s (transform 45%, tests 42%, import 11%, setup 2%)
real 12.38
user 12.33
--- head (warm): extensions/memory-wiki/src/query-scheduling.test.ts
 Test Files  1 passed (1)
      Tests  3 passed (3)
   Duration  7.17s (transform 64%, tests 17%, import 15%, setup 3%)
real 9.30
user 10.29
--- head (warm): extensions/memory-wiki/src/query.reads.test.ts
 Test Files  1 passed (1)
      Tests  15 passed (15)
   Duration  8.85s (transform 52%, tests 32%, import 12%, setup 3%)
real 10.96
user 10.55
--- head (warm): extensions/memory-wiki/src/query.abort.test.ts
 Test Files  1 passed (1)
      Tests  2 passed (2)
   Duration  6.12s (transform 76%, import 18%, setup 4%, tests 3%)
real 8.26
user 8.38
--- head (warm): extensions/memory-wiki/src/tool.deadline.test.ts
 Test Files  1 passed (1)
      Tests  3 passed (3)
   Duration  6.11s (transform 77%, import 19%, setup 5%)
real 8.19
user 8.40
--- head (warm): extensions/memory-wiki/index.test.ts
 Test Files  1 passed (1)
      Tests  10 passed (10)
   Duration  6.22s (transform 75%, import 18%, setup 4%, tests 3%)
real 8.36
user 8.49

=== git state at end (status must be empty)
2026-10-07T17:09:34Z
--- load: 10:09  up 3 days, 18:06, 1 user, load averages: 3.91 3.95 5.68
083b81fb217ddb73007837aabc5bb9a2aa702cad
EXIT=0
