{
  "label": "before-pr",
  "machine": "darwin arm64 node v24.21.0",
  "capturedAt": "2026-10-07T22:22:54.245Z",
  "vault": {
    "path": "~/work/oss-166304-vault-10k",
    "compiled": false
  },
  "query": "cobalt lantern ledger harbor",
  "scanWallMs": 13133,
  "scanResultCount": 10,
  "scanError": null,
  "reads": {
    "count": 20,
    "intervalMs": 500,
    "issuedWhileScanRunning": 20,
    "allFound": true
  },
  "readMs": {
    "p50": 7657,
    "p99": 12633,
    "max": 12633,
    "min": 3161
  }
}
