{"at":"2026-10-05T06:32:02.959Z","pid":51225,"event":"worker-command-queued","type":"config.health.read"}
{"at":"2026-10-05T06:32:04.529Z","pid":51225,"event":"worker-command-queued","type":"config.health.read"}
{"at":"2026-10-05T06:32:05.717Z","pid":51225,"event":"worker-command-queued","type":"workspace.snapshotAndRegister"}
{"at":"2026-10-05T06:32:05.779Z","pid":51225,"event":"worker-command-queued","type":"workspace.snapshotAndRegister"}
{"at":"2026-10-05T06:32:05.781Z","pid":51225,"event":"worker-command-queued","type":"workspace.snapshotAndRegister"}
{"at":"2026-10-05T06:32:05.782Z","pid":51225,"event":"worker-command-queued","type":"workspace.replaceAttestation"}
{"at":"2026-10-05T06:32:06.172Z","pid":51225,"event":"worker-command-queued","type":"database.prepareWrite"}
{"at":"2026-10-05T06:32:06.282Z","pid":51225,"event":"worker-command-queued","type":"sessionState.record"}
{"at":"2026-10-05T06:32:06.283Z","pid":51225,"event":"worker-command-queued","type":"session.maintenance.prepare"}
{"at":"2026-10-05T06:32:06.494Z","pid":51225,"event":"worker-command-queued","type":"session.entry.read"}
{"at":"2026-10-05T06:32:06.519Z","pid":51225,"event":"worker-command-queued","type":"session.maintenance.metadata"}
{"at":"2026-10-05T06:32:06.526Z","pid":51225,"event":"worker-command-queued","type":"session.maintenance.release"}
{"at":"2026-10-05T06:32:06.527Z","pid":51225,"event":"worker-command-queued","type":"session.maintenance.metadata"}
{"at":"2026-10-05T06:32:07.040Z","pid":51225,"event":"worker-command-queued","type":"workspace.snapshotAndRegister"}
{"at":"2026-10-05T06:32:07.045Z","pid":51225,"event":"worker-command-queued","type":"pluginState.lookup"}
{"at":"2026-10-05T06:32:07.050Z","pid":51225,"event":"worker-command-queued","type":"workspace.snapshotAndRegister"}
{"at":"2026-10-05T06:32:07.091Z","pid":51225,"event":"worker-command-queued","type":"deviceAuth.read"}
{"at":"2026-10-05T06:32:07.092Z","pid":51225,"event":"worker-command-queued","type":"deviceAuth.read"}
{"at":"2026-10-05T06:32:07.512Z","pid":51225,"event":"worker-command-queued","type":"claim"}
{"at":"2026-10-05T06:32:07.563Z","pid":51225,"event":"worker-command-queued","type":"session.turn.prepare"}
{"at":"2026-10-05T06:32:07.655Z","pid":51225,"event":"worker-command-queued","type":"session.turn.prepare"}
{"at":"2026-10-05T06:32:07.657Z","pid":51225,"event":"worker-command-queued","type":"session.turn.commit"}
{"at":"2026-10-05T06:32:07.849Z","pid":51225,"event":"worker-command-queued","type":"session.maintenance.prepare"}
{"at":"2026-10-05T06:32:07.850Z","pid":51225,"event":"worker-command-queued","type":"session.maintenance.metadata"}
{"at":"2026-10-05T06:32:07.851Z","pid":51225,"event":"worker-command-queued","type":"session.maintenance.release"}
{"at":"2026-10-05T06:32:07.852Z","pid":51225,"event":"worker-command-queued","type":"session.maintenance.metadata"}
{"at":"2026-10-05T06:32:07.854Z","pid":51225,"event":"worker-command-queued","type":"session.maintenance.metadata"}
{"at":"2026-10-05T06:32:08.112Z","pid":51225,"event":"worker-command-queued","type":"session.turn.prepare"}
{"at":"2026-10-05T06:32:08.117Z","pid":51225,"event":"worker-command-queued","type":"session.turn.prepare"}
{"at":"2026-10-05T06:32:08.124Z","pid":51225,"event":"worker-command-queued","type":"session.turn.commit"}
{"at":"2026-10-05T06:32:08.137Z","pid":51225,"event":"login-switched-while-queued","type":"session.turn.commit","nth":2}
{"at":"2026-10-05T06:32:08.202Z","pid":51225,"event":"worker-command-queued","type":"session.maintenance.prepare"}
{"at":"2026-10-05T06:32:08.203Z","pid":51225,"event":"worker-command-queued","type":"session.maintenance.metadata"}
{"at":"2026-10-05T06:32:08.204Z","pid":51225,"event":"worker-command-queued","type":"session.maintenance.release"}
{"at":"2026-10-05T06:32:08.205Z","pid":51225,"event":"worker-command-queued","type":"session.maintenance.metadata"}
