
 RUN  v5.0.1 $W/mut

 ✓  infra  src/agents/cli-runner/history-boundary.test.ts > CLI transcript account boundary > establishes coverage before the first transcript header and user row exist 1690ms
 ✓  infra  src/agents/cli-runner/history-boundary.test.ts > CLI transcript account boundary > retains same-account raw and compacted history without exposing private metadata 744ms
 ✓  infra  src/agents/cli-runner/history-boundary.test.ts > CLI transcript account boundary > distinguishes OAuth account identity from rotating or identity-less tokens 1045ms
 ✓  infra  src/agents/cli-runner/history-boundary.test.ts > CLI transcript account boundary > native CLI login owner > reseeds a fresh session for the same native login 1099ms
 ✓  infra  src/agents/cli-runner/history-boundary.test.ts > CLI transcript account boundary > native CLI login owner > refuses history after the native login changes 1140ms
 ✓  infra  src/agents/cli-runner/history-boundary.test.ts > CLI transcript account boundary > native CLI login owner > keeps history unknown when the native login cannot be proven 1139ms
 ✓  infra  src/agents/cli-runner/history-boundary.test.ts > CLI transcript account boundary > native CLI login owner > resolves ownership from the backend-selected config dir, not the Gateway login 1252ms
 ✓  infra  src/agents/cli-runner/history-boundary.test.ts > CLI transcript account boundary > native CLI login owner > does not credit Gateway-login history to a backend-selected account 1147ms
 ✓  infra  src/agents/cli-runner/history-boundary.test.ts > CLI transcript account boundary > native CLI login owner > has no native owner when the child authenticates another way 1097ms
 ✓  infra  src/agents/cli-runner/history-boundary.test.ts > CLI transcript account boundary > native CLI login owner > has no native owner without a prepared backend to derive the child environment from 1076ms
 ✓  infra  src/agents/cli-runner/history-boundary.test.ts > CLI transcript account boundary > native CLI login owner > does not let the native login stand in for a forwarded credential 767ms
 ✓  infra  src/agents/cli-runner/history-boundary.test.ts > CLI transcript account boundary > native CLI login owner > does not apply this host's login to a node-placed CLI 912ms
 ✓  infra  src/agents/cli-runner/history-boundary.test.ts > CLI transcript account boundary > native CLI login owner > rejects the read for a reassigned or revoked login, uncached, at the same instant 1423ms
 ×  infra  src/agents/cli-runner/history-boundary.test.ts > CLI transcript account boundary > native CLI login owner > looks the login up on every authority check 1141ms
   → expected "resolveNativeCliLoginOwner" to be called 3 times, but got 2 times
 ✓  infra  src/agents/cli-runner/history-boundary.test.ts > CLI transcript account boundary > native CLI login owner > keeps output-event checks off the login lookup 1027ms
 ×  infra  src/agents/cli-runner/history-boundary.test.ts > CLI transcript account boundary > native CLI login owner > binds execution to the login the spawned environment selects 1086ms
   → expected [Function] to throw an error
 ×  infra  src/agents/cli-runner/history-boundary.test.ts > CLI transcript account boundary > native CLI login owner > refuses to cover a turn whose login changed after preparation 1078ms
   → expected [Function] to throw an error
 ✓  infra  src/agents/cli-runner/history-boundary.test.ts > CLI transcript account boundary > compares resolved static tokens rather than the unchanged SecretRef 1007ms
 ✓  infra  src/agents/cli-runner/history-boundary.test.ts > CLI transcript account boundary > revokes retained read and coverage capabilities when their admitted run closes 1057ms
 ✓  infra  src/agents/cli-runner/history-boundary.test.ts > CLI transcript account boundary > detaches background persistence without lending it the closed CLI history proof 1165ms
 ✓  infra  src/agents/cli-runner/history-boundary.test.ts > CLI transcript account boundary > cannot launder mixed history by returning to the original account 1026ms
 ✓  infra  src/agents/cli-runner/history-boundary.test.ts > CLI transcript account boundary > refuses legacy, import, and downgrade gaps: unrecorded append 1044ms
 ✓  infra  src/agents/cli-runner/history-boundary.test.ts > CLI transcript account boundary > refuses legacy, import, and downgrade gaps: rewrite 1076ms
 ✓  infra  src/agents/cli-runner/history-boundary.test.ts > CLI transcript account boundary > refuses legacy, import, and downgrade gaps: missing provenance 1091ms
 ✓  infra  src/agents/cli-runner/history-boundary.test.ts > CLI transcript account boundary > refuses legacy, import, and downgrade gaps: old version 1092ms
 ✓  infra  src/agents/cli-runner/history-boundary.test.ts > CLI transcript account boundary > never treats an authless runtime or borrowed native session as a new trusted history 1069ms
 ✓  infra  src/agents/cli-runner/history-boundary.test.ts > CLI transcript account boundary > only an empty reset can establish a fresh account boundary 1101ms
 ✓  infra  src/agents/cli-runner/history-boundary.test.ts > CLI transcript account boundary > admits a finished writer's successor while refusing the live writer 1587ms
 ✓  infra  src/agents/cli-runner/history-boundary.test.ts > CLI transcript account boundary > rechecks a revived foreign writer after metadata planning yields 1381ms
 ✓  infra  src/agents/cli-runner/history-boundary.test.ts > CLI transcript account boundary > fences recovered history and CLI persistence after orchestrator-prior takes over 1458ms
 ✓  infra  src/agents/cli-runner/history-boundary.test.ts > CLI transcript account boundary > fences recovered history and CLI persistence after orchestrator-replacement takes over 853ms
 ✓  infra  src/agents/cli-runner/history-boundary.test.ts > CLI transcript account boundary > fences recovered history and CLI persistence after direct-cli-recovery takes over 733ms

 Test Files  1 failed (1)
      Tests  3 failed | 29 passed (32)
   Start at  10:01:47
   Duration  41.12s (tests 88%, transform 7%, import 4%, setup 1%)

$ node --import ./scripts/tsx.mjs scripts/test-projects.mts src/agents/cli-runner/history-boundary.test.ts --maxWorkers=2
[vitest-workers] local cache miss after 2680ms
node_modules/.pnpm/@mdx-js+mdx@3.1.1_supports-color@10.2.2/node_modules/@mdx-js/mdx/lib/util/resolve-evaluate-options.js (48:0) [MODULE_LEVEL_DIRECTIVE] The semantics of the module level directive "" in "node_modules/.pnpm/@mdx-js+mdx@3.1.1_supports-color@10.2.2/node_modules/@mdx-js/mdx/lib/util/resolve-evaluate-options.js" may not be preserved when bundling.
    ╭─[ node_modules/.pnpm/@mdx-js+mdx@3.1.1_supports-color@10.2.2/node_modules/@mdx-js/mdx/lib/util/resolve-evaluate-options.js:48:1 ]
    │
 48 │ ''
    │ ─┬  
    │  ╰── module level directive may not be preserved
    │ 
    │ Help: For more information, see https://rolldown.rs/in-depth/directives#other-directives
────╯

node_modules/.pnpm/@mdx-js+mdx@3.1.1_supports-color@10.2.2/node_modules/@mdx-js/mdx/lib/util/estree-util-is-declaration.js (11:0) [MODULE_LEVEL_DIRECTIVE] The semantics of the module level directive "" in "node_modules/.pnpm/@mdx-js+mdx@3.1.1_supports-color@10.2.2/node_modules/@mdx-js/mdx/lib/util/estree-util-is-declaration.js" may not be preserved when bundling.
    ╭─[ node_modules/.pnpm/@mdx-js+mdx@3.1.1_supports-color@10.2.2/node_modules/@mdx-js/mdx/lib/util/estree-util-is-declaration.js:11:1 ]
    │
 11 │ ''
    │ ─┬  
    │  ╰── module level directive may not be preserved
    │ 
    │ Help: For more information, see https://rolldown.rs/in-depth/directives#other-directives
────╯

node_modules/.pnpm/@mdx-js+mdx@3.1.1_supports-color@10.2.2/node_modules/@mdx-js/mdx/lib/util/estree-util-create.js (6:0) [MODULE_LEVEL_DIRECTIVE] The semantics of the module level directive "" in "node_modules/.pnpm/@mdx-js+mdx@3.1.1_supports-color@10.2.2/node_modules/@mdx-js/mdx/lib/util/estree-util-create.js" may not be preserved when bundling.
   ╭─[ node_modules/.pnpm/@mdx-js+mdx@3.1.1_supports-color@10.2.2/node_modules/@mdx-js/mdx/lib/util/estree-util-create.js:6:1 ]
   │
 6 │ ''
   │ ─┬  
   │  ╰── module level directive may not be preserved
   │ 
   │ Help: For more information, see https://rolldown.rs/in-depth/directives#other-directives
───╯

node_modules/.pnpm/hast-util-to-estree@3.1.3_supports-color@10.2.2/node_modules/hast-util-to-estree/lib/handlers/comment.js (12:0) [MODULE_LEVEL_DIRECTIVE] The semantics of the module level directive "" in "node_modules/.pnpm/hast-util-to-estree@3.1.3_supports-color@10.2.2/node_modules/hast-util-to-estree/lib/handlers/comment.js" may not be preserved when bundling.
    ╭─[ node_modules/.pnpm/hast-util-to-estree@3.1.3_supports-color@10.2.2/node_modules/hast-util-to-estree/lib/handlers/comment.js:12:1 ]
    │
 12 │ ''
    │ ─┬  
    │  ╰── module level directive may not be preserved
    │ 
    │ Help: For more information, see https://rolldown.rs/in-depth/directives#other-directives
────╯

node_modules/.pnpm/hast-util-to-estree@3.1.3_supports-color@10.2.2/node_modules/hast-util-to-estree/lib/handlers/text.js (9:0) [MODULE_LEVEL_DIRECTIVE] The semantics of the module level directive "" in "node_modules/.pnpm/hast-util-to-estree@3.1.3_supports-color@10.2.2/node_modules/hast-util-to-estree/lib/handlers/text.js" may not be preserved when bundling.
   ╭─[ node_modules/.pnpm/hast-util-to-estree@3.1.3_supports-color@10.2.2/node_modules/hast-util-to-estree/lib/handlers/text.js:9:1 ]
   │
 9 │ ''
   │ ─┬  
   │  ╰── module level directive may not be preserved
   │ 
   │ Help: For more information, see https://rolldown.rs/in-depth/directives#other-directives
───╯

[vitest-workers] prepared 8e8d0744da8e in 17362ms (14493 inputs, 18467 outputs)
[test] starting test/vitest/vitest.infra.config.ts

⎯⎯⎯⎯⎯⎯⎯ Failed Tests 3 ⎯⎯⎯⎯⎯⎯⎯

 FAIL   infra  src/agents/cli-runner/history-boundary.test.ts > CLI transcript account boundary > native CLI login owner > looks the login up on every authority check
AssertionError: expected "resolveNativeCliLoginOwner" to be called 3 times, but got 2 times
 ❯ src/agents/cli-runner/history-boundary.test.ts:457:24
    455|         writer.assertReadable();
    456|         writer.assertCurrent();
    457|         expect(lookup).toHaveBeenCalledTimes(3);
       |                        ^
    458|       });
    459|     });
 ❯ src/agents/cli-runner/history-boundary.test.ts:311:61
 ❯ runWithCliHistoryWriter src/config/sessions/cli-history-boundary.ts:28:36
 ❯ src/agents/cli-runner/history-boundary.test.ts:311:17
 ❯ Object.withRun src/agents/cli-runner/history-boundary.test.ts:68:14
 ❯ withNativeWriter src/agents/cli-runner/history-boundary.test.ts:304:7
 ❯ src/agents/cli-runner/history-boundary.test.ts:452:7

⎯⎯⎯⎯⎯⎯⎯⎯⎯⎯⎯⎯⎯⎯⎯⎯⎯⎯⎯⎯⎯⎯⎯⎯[1/3]⎯

 FAIL   infra  src/agents/cli-runner/history-boundary.test.ts > CLI transcript account boundary > native CLI login owner > binds execution to the login the spawned environment selects
AssertionError: expected [Function] to throw an error

- Expected:
null

+ Received:
undefined

 ❯ src/agents/cli-runner/history-boundary.test.ts:486:46
    484|         // A login reassigned after the bind is caught by the next bou…
    485|         loginIn(backend, "uuid:account-b");
    486|         expect(() => writer.assertCurrent()).toThrow("CLI history auth…
       |                                              ^
    487|         loginIn(backend, "uuid:account-a");
    488|         writer.assertCurrent();
 ❯ src/agents/cli-runner/history-boundary.test.ts:311:61
 ❯ runWithCliHistoryWriter src/config/sessions/cli-history-boundary.ts:28:36
 ❯ src/agents/cli-runner/history-boundary.test.ts:311:17
 ❯ Object.withRun src/agents/cli-runner/history-boundary.test.ts:68:14
 ❯ withNativeWriter src/agents/cli-runner/history-boundary.test.ts:304:7

⎯⎯⎯⎯⎯⎯⎯⎯⎯⎯⎯⎯⎯⎯⎯⎯⎯⎯⎯⎯⎯⎯⎯⎯[2/3]⎯

 FAIL   infra  src/agents/cli-runner/history-boundary.test.ts > CLI transcript account boundary > native CLI login owner > refuses to cover a turn whose login changed after preparation
AssertionError: expected [Function] to throw an error

- Expected:
null

+ Received:
undefined

 ❯ src/agents/cli-runner/history-boundary.test.ts:512:11
    510|             .manager()
    511|             .appendMessage({ role: "user", content: "turn under accoun…
    512|         ).toThrow("CLI history authority changed");
       |           ^
    513|         const boundary = loadSessionEntryReadOnly(f.target)?.cliHistor…
    514|         expect(boundary).toMatchObject({
 ❯ src/agents/cli-runner/history-boundary.test.ts:311:61
 ❯ runWithCliHistoryWriter src/config/sessions/cli-history-boundary.ts:28:36
 ❯ src/agents/cli-runner/history-boundary.test.ts:311:17
 ❯ Object.withRun src/agents/cli-runner/history-boundary.test.ts:68:14
 ❯ withNativeWriter src/agents/cli-runner/history-boundary.test.ts:304:7

⎯⎯⎯⎯⎯⎯⎯⎯⎯⎯⎯⎯⎯⎯⎯⎯⎯⎯⎯⎯⎯⎯⎯⎯[3/3]⎯

[vitest-workers] verifying completed generation before cleanup
[vitest-workers] retained completed compiler outputs for reuse
[test] failed 1 Vitest shard in 61.18s
[test] FAILED (exit 1)
[ELIFECYCLE] Test failed. See above for more details.
