
 RUN  v5.0.1 $W/mut

 ✓  agents-support  src/agents/cli-runner/execute-plugin.test.ts > plugin-owned CLI execution host boundary > streams plugin events through the canonical host output boundary 121ms
 ×  agents-support  src/agents/cli-runner/execute-plugin.test.ts > plugin-owned CLI execution host boundary > hands the plugin a stream check that keeps run authority but skips the spawn-boundary caller check 5ms
   → expected "vi.fn()" to be called 2 times, but got 0 times
 ✓  agents-support  src/agents/cli-runner/execute-plugin.test.ts > plugin-owned CLI execution host boundary > offers no stream check unless the host binds the run to an account 2ms
 ✓  agents-support  src/agents/cli-runner/execute-plugin.test.ts > plugin-owned CLI execution host boundary > runs plugin user questions with current caller authority (revoked=false) 6ms
 ✓  agents-support  src/agents/cli-runner/execute-plugin.test.ts > plugin-owned CLI execution host boundary > runs plugin user questions with current caller authority (revoked=true) 4ms
 ✓  agents-support  src/agents/cli-runner/execute-plugin.test.ts > plugin-owned CLI execution host boundary > rejects caller revocation before restart or plugin execution 3ms
 ✓  agents-support  src/agents/cli-runner/execute-plugin.test.ts > plugin-owned CLI execution host boundary > rejects admission revocation before restart or plugin execution 2ms
 ✓  agents-support  src/agents/cli-runner/execute-plugin.test.ts > plugin-owned CLI execution host boundary > does not close a successor or execute after caller revocation during restart cleanup 3ms
 ✓  agents-support  src/agents/cli-runner/execute-plugin.test.ts > plugin-owned CLI execution host boundary > restarts true fresh sessions while preserving legitimate no-resume warm reuse 4ms
 ✓  agents-support  src/agents/cli-runner/execute-plugin.test.ts > plugin-owned CLI execution host boundary > rejects missing or replaced required generations but permits a deliberate cold recovery 4ms
 ✓  agents-support  src/agents/cli-runner/execute-plugin.test.ts > plugin-owned CLI execution host boundary > recovers an invalidated control-only resume 0 2ms
 ✓  agents-support  src/agents/cli-runner/execute-plugin.test.ts > plugin-owned CLI execution host boundary > recovers an invalidated control-only resume 1 2ms
 ✓  agents-support  src/agents/cli-runner/execute-plugin.test.ts > plugin-owned CLI execution host boundary > does not replay an invalidated resume while native approval is pending 55ms
 ✓  agents-support  src/agents/cli-runner/execute-plugin.test.ts > plugin-owned CLI execution host boundary > does not replay an invalidated resume while operator input is pending 57ms
 ✓  agents-support  src/agents/cli-runner/execute-plugin.test.ts > plugin-owned CLI execution host boundary > claims prepared resources only for the original process and cleans after its exit 4ms
 ✓  agents-support  src/agents/cli-runner/execute-plugin.test.ts > plugin-owned CLI execution host boundary > full policy releases the exact original… 3ms
 ✓  agents-support  src/agents/cli-runner/execute-plugin.test.ts > plugin-owned CLI execution host boundary > allowlist policy never silently prompts… 2ms
 ✓  agents-support  src/agents/cli-runner/execute-plugin.test.ts > plugin-owned CLI execution host boundary > fails closed for unnamed and unavailable native tools before requesting approval 2ms
 ✓  agents-support  src/agents/cli-runner/execute-plugin.test.ts > plugin-owned CLI execution host boundary > retains safe standing approvals only for the exact live process and current turn policy 7ms
 ✓  agents-support  src/agents/cli-runner/execute-plugin.test.ts > plugin-owned CLI execution host boundary > denies approval when admission authority closes during the awaited decision 3ms
 ✓  agents-support  src/agents/cli-runner/execute-plugin.test.ts > plugin-owned CLI execution host boundary > denies approval when caller authority closes during the awaited decision 3ms
 ✓  agents-support  src/agents/cli-runner/execute-plugin.test.ts > plugin-owned CLI execution host boundary > cancels an in-flight native approval and never releases its late decision 56ms
 ✓  agents-support  src/agents/cli-runner/execute-plugin.test.ts > plugin-owned CLI execution host boundary > fences a retained permission callback as soon as its turn finishes 3ms
 ✓  agents-support  src/agents/cli-runner/execute-plugin.test.ts > plugin-owned CLI execution host boundary > preserves a 429 error-marked success if the plugin throws while draining 3ms
 ✓  agents-support  src/agents/cli-runner/execute-plugin.test.ts > plugin-owned CLI execution host boundary > preserves a 529 provider-error subtype despite an… if the plugin throws while draining 2ms
 ✓  agents-support  src/agents/cli-runner/execute-plugin.test.ts > plugin-owned CLI execution host boundary > rejects a stream without a terminal result 2ms
 ✓  agents-support  src/agents/cli-runner/execute-plugin.test.ts > plugin-owned CLI execution host boundary > rejects an interim result without its continuat… 2ms
 ✓  agents-support  src/agents/cli-runner/execute-plugin.test.ts > plugin-owned CLI execution host boundary > rejects a plugin failure after an otherwise suc… 2ms
 ✓  agents-support  src/agents/cli-runner/execute-plugin.test.ts > plugin-owned CLI execution host boundary > aborts a silent plugin stream through the host no-output watchdog 4ms
 ✓  agents-support  src/agents/cli-runner/execute-plugin.test.ts > plugin-owned CLI execution host boundary > init-only resumed traffic remains safel… 57ms
 ✓  agents-support  src/agents/cli-runner/execute-plugin.test.ts > plugin-owned CLI execution host boundary > actual SDK command lifecycle traffic re… 59ms
 ✓  agents-support  src/agents/cli-runner/execute-plugin.test.ts > plugin-owned CLI execution host boundary > substantive assistant output never beco… 61ms
 ✓  agents-support  src/agents/cli-runner/execute-plugin.test.ts > plugin-owned CLI execution host boundary > keeps an active native approval alive beyond the ordinary no-output watchdog 66ms
 ✓  agents-support  src/agents/cli-runner/execute-plugin.test.ts > plugin-owned CLI execution host boundary > keeps the overall deadline authoritative while a native approval is outstanding 65ms
 ✓  agents-support  src/agents/cli-runner/execute-plugin.test.ts > plugin-owned CLI execution host boundary > keeps tracked background work alive beyond the ordinary no-output watchdog 67ms
 ✓  agents-support  src/agents/cli-runner/execute-plugin.test.ts > plugin-owned CLI execution host boundary > keeps the overall deadline authoritative while background work remains active 65ms
 ✓  agents-support  src/agents/cli-runner/execute-plugin.test.ts > plugin-owned CLI execution host boundary > propagates caller cancellation and closes the active plugin iterator 11ms
 ✓  agents-support  src/agents/cli-runner/execute-plugin.test.ts > plugin-owned CLI execution host boundary > preserves streamed assistant output after AbortError 65ms
 ✓  agents-support  src/agents/cli-runner/execute-plugin.test.ts > plugin-owned CLI execution host boundary > preserves streamed assistant output after the caller's TimeoutError 65ms
 ✓  agents-support  src/agents/cli-runner/execute-plugin.test.ts > plugin-owned CLI execution host boundary > preserves streamed assistant output after AbortError wrapping a TimeoutError 64ms

 Test Files  1 failed (1)
      Tests  1 failed | 39 passed (40)
   Start at  10:29:22
   Duration  18.39s (transform 87%, import 6%, tests 6%, worker 1%, setup 1%)

$ node --import ./scripts/tsx.mjs scripts/test-projects.mts src/agents/cli-runner/execute-plugin.test.ts --maxWorkers=2
[test] starting test/vitest/vitest.agents-support.config.ts
[vitest-workers] local cache miss after 1761ms
node_modules/.pnpm/@mdx-js+mdx@3.1.1_supports-color@10.2.2/node_modules/@mdx-js/mdx/lib/util/resolve-evaluate-options.js (48:0) [MODULE_LEVEL_DIRECTIVE] The semantics of the module level directive "" in "node_modules/.pnpm/@mdx-js+mdx@3.1.1_supports-color@10.2.2/node_modules/@mdx-js/mdx/lib/util/resolve-evaluate-options.js" may not be preserved when bundling.
    ╭─[ node_modules/.pnpm/@mdx-js+mdx@3.1.1_supports-color@10.2.2/node_modules/@mdx-js/mdx/lib/util/resolve-evaluate-options.js:48:1 ]
    │
 48 │ ''
    │ ─┬  
    │  ╰── module level directive may not be preserved
    │ 
    │ Help: For more information, see https://rolldown.rs/in-depth/directives#other-directives
────╯

node_modules/.pnpm/@mdx-js+mdx@3.1.1_supports-color@10.2.2/node_modules/@mdx-js/mdx/lib/util/estree-util-is-declaration.js (11:0) [MODULE_LEVEL_DIRECTIVE] The semantics of the module level directive "" in "node_modules/.pnpm/@mdx-js+mdx@3.1.1_supports-color@10.2.2/node_modules/@mdx-js/mdx/lib/util/estree-util-is-declaration.js" may not be preserved when bundling.
    ╭─[ node_modules/.pnpm/@mdx-js+mdx@3.1.1_supports-color@10.2.2/node_modules/@mdx-js/mdx/lib/util/estree-util-is-declaration.js:11:1 ]
    │
 11 │ ''
    │ ─┬  
    │  ╰── module level directive may not be preserved
    │ 
    │ Help: For more information, see https://rolldown.rs/in-depth/directives#other-directives
────╯

node_modules/.pnpm/@mdx-js+mdx@3.1.1_supports-color@10.2.2/node_modules/@mdx-js/mdx/lib/util/estree-util-create.js (6:0) [MODULE_LEVEL_DIRECTIVE] The semantics of the module level directive "" in "node_modules/.pnpm/@mdx-js+mdx@3.1.1_supports-color@10.2.2/node_modules/@mdx-js/mdx/lib/util/estree-util-create.js" may not be preserved when bundling.
   ╭─[ node_modules/.pnpm/@mdx-js+mdx@3.1.1_supports-color@10.2.2/node_modules/@mdx-js/mdx/lib/util/estree-util-create.js:6:1 ]
   │
 6 │ ''
   │ ─┬  
   │  ╰── module level directive may not be preserved
   │ 
   │ Help: For more information, see https://rolldown.rs/in-depth/directives#other-directives
───╯

node_modules/.pnpm/hast-util-to-estree@3.1.3_supports-color@10.2.2/node_modules/hast-util-to-estree/lib/handlers/comment.js (12:0) [MODULE_LEVEL_DIRECTIVE] The semantics of the module level directive "" in "node_modules/.pnpm/hast-util-to-estree@3.1.3_supports-color@10.2.2/node_modules/hast-util-to-estree/lib/handlers/comment.js" may not be preserved when bundling.
    ╭─[ node_modules/.pnpm/hast-util-to-estree@3.1.3_supports-color@10.2.2/node_modules/hast-util-to-estree/lib/handlers/comment.js:12:1 ]
    │
 12 │ ''
    │ ─┬  
    │  ╰── module level directive may not be preserved
    │ 
    │ Help: For more information, see https://rolldown.rs/in-depth/directives#other-directives
────╯

node_modules/.pnpm/hast-util-to-estree@3.1.3_supports-color@10.2.2/node_modules/hast-util-to-estree/lib/handlers/text.js (9:0) [MODULE_LEVEL_DIRECTIVE] The semantics of the module level directive "" in "node_modules/.pnpm/hast-util-to-estree@3.1.3_supports-color@10.2.2/node_modules/hast-util-to-estree/lib/handlers/text.js" may not be preserved when bundling.
   ╭─[ node_modules/.pnpm/hast-util-to-estree@3.1.3_supports-color@10.2.2/node_modules/hast-util-to-estree/lib/handlers/text.js:9:1 ]
   │
 9 │ ''
   │ ─┬  
   │  ╰── module level directive may not be preserved
   │ 
   │ Help: For more information, see https://rolldown.rs/in-depth/directives#other-directives
───╯

[vitest-workers] prepared 1a89c23249b6 in 13623ms (14493 inputs, 18467 outputs)
stderr | unknown test
[sqlite-test-lifecycle] src/agents/cli-runner/execute-plugin.test.ts: retiring openclaw.stateDatabaseLifecycle
[sqlite-test-lifecycle] src/agents/cli-runner/execute-plugin.test.ts: retiring openclaw.stateSnapshotOwners
[sqlite-test-lifecycle] src/agents/cli-runner/execute-plugin.test.ts: retiring openclaw.agentDatabaseLifecycle
[sqlite-test-lifecycle] src/agents/cli-runner/execute-plugin.test.ts: retiring openclaw.cron.receiptAuthority


⎯⎯⎯⎯⎯⎯⎯ Failed Tests 1 ⎯⎯⎯⎯⎯⎯⎯

 FAIL   agents-support  src/agents/cli-runner/execute-plugin.test.ts > plugin-owned CLI execution host boundary > hands the plugin a stream check that keeps run authority but skips the spawn-boundary caller check
AssertionError: expected "vi.fn()" to be called 2 times, but got 0 times
 ❯ Object.execute src/agents/cli-runner/execute-plugin.test.ts:120:22
    118|       execution.assertStreamCurrent?.();
    119|       execution.assertStreamCurrent?.();
    120|       expect(stream).toHaveBeenCalledTimes(2);
       |                      ^
    121|       expect(boundary).not.toHaveBeenCalled();
    122|       execution.assertCurrent?.();
 ❯ src/agents/cli-runner/execute-plugin.ts:382:19
 ❯ waitForIteratorValue src/agents/cli-runner/execute-plugin.ts:378:10
 ❯ executePluginOwnedProcess src/agents/cli-runner/execute-plugin.ts:618:26
 ❯ Module.runPlugin src/agents/cli-runner/execute-plugin.test-support.ts:95:10
 ❯ src/agents/cli-runner/execute-plugin.test.ts:126:11

⎯⎯⎯⎯⎯⎯⎯⎯⎯⎯⎯⎯⎯⎯⎯⎯⎯⎯⎯⎯⎯⎯⎯⎯[1/1]⎯

[vitest-workers] verifying completed generation before cleanup
[vitest-workers] retained completed compiler outputs for reuse
[test] failed 1 Vitest shard in 20.53s
[test] FAILED (exit 1)
[ELIFECYCLE] Test failed. See above for more details.
