{"at":"2026-10-05T05:44:05.782Z","pid":19826,"event":"worker-command-queued","type":"config.health.read"}
{"at":"2026-10-05T05:44:07.376Z","pid":19826,"event":"worker-command-queued","type":"config.health.read"}
{"at":"2026-10-05T05:44:08.519Z","pid":19826,"event":"worker-command-queued","type":"workspace.snapshotAndRegister"}
{"at":"2026-10-05T05:44:08.581Z","pid":19826,"event":"worker-command-queued","type":"workspace.snapshotAndRegister"}
{"at":"2026-10-05T05:44:08.582Z","pid":19826,"event":"worker-command-queued","type":"workspace.snapshotAndRegister"}
{"at":"2026-10-05T05:44:08.584Z","pid":19826,"event":"worker-command-queued","type":"workspace.replaceAttestation"}
{"at":"2026-10-05T05:44:08.991Z","pid":19826,"event":"worker-command-queued","type":"database.prepareWrite"}
{"at":"2026-10-05T05:44:09.106Z","pid":19826,"event":"worker-command-queued","type":"sessionState.record"}
{"at":"2026-10-05T05:44:09.107Z","pid":19826,"event":"worker-command-queued","type":"session.maintenance.prepare"}
{"at":"2026-10-05T05:44:09.325Z","pid":19826,"event":"worker-command-queued","type":"session.entry.read"}
{"at":"2026-10-05T05:44:09.351Z","pid":19826,"event":"worker-command-queued","type":"session.maintenance.metadata"}
{"at":"2026-10-05T05:44:09.358Z","pid":19826,"event":"worker-command-queued","type":"session.maintenance.release"}
{"at":"2026-10-05T05:44:09.359Z","pid":19826,"event":"worker-command-queued","type":"session.maintenance.metadata"}
{"at":"2026-10-05T05:44:09.863Z","pid":19826,"event":"worker-command-queued","type":"workspace.snapshotAndRegister"}
{"at":"2026-10-05T05:44:09.868Z","pid":19826,"event":"worker-command-queued","type":"pluginState.lookup"}
{"at":"2026-10-05T05:44:09.873Z","pid":19826,"event":"worker-command-queued","type":"workspace.snapshotAndRegister"}
{"at":"2026-10-05T05:44:09.916Z","pid":19826,"event":"worker-command-queued","type":"deviceAuth.read"}
{"at":"2026-10-05T05:44:09.916Z","pid":19826,"event":"worker-command-queued","type":"deviceAuth.read"}
{"at":"2026-10-05T05:44:10.333Z","pid":19826,"event":"worker-command-queued","type":"claim"}
{"at":"2026-10-05T05:44:10.388Z","pid":19826,"event":"worker-command-queued","type":"session.turn.prepare"}
{"at":"2026-10-05T05:44:10.482Z","pid":19826,"event":"worker-command-queued","type":"session.turn.prepare"}
{"at":"2026-10-05T05:44:10.484Z","pid":19826,"event":"worker-command-queued","type":"session.turn.commit"}
{"at":"2026-10-05T05:44:10.683Z","pid":19826,"event":"worker-command-queued","type":"session.maintenance.prepare"}
{"at":"2026-10-05T05:44:10.684Z","pid":19826,"event":"worker-command-queued","type":"session.maintenance.metadata"}
{"at":"2026-10-05T05:44:10.686Z","pid":19826,"event":"worker-command-queued","type":"session.maintenance.release"}
{"at":"2026-10-05T05:44:10.687Z","pid":19826,"event":"worker-command-queued","type":"session.maintenance.metadata"}
{"at":"2026-10-05T05:44:10.688Z","pid":19826,"event":"worker-command-queued","type":"session.maintenance.metadata"}
{"at":"2026-10-05T05:44:10.937Z","pid":19826,"event":"worker-command-queued","type":"session.turn.prepare"}
{"at":"2026-10-05T05:44:10.941Z","pid":19826,"event":"worker-command-queued","type":"session.turn.prepare"}
{"at":"2026-10-05T05:44:10.947Z","pid":19826,"event":"worker-command-queued","type":"session.turn.commit"}
{"at":"2026-10-05T05:44:10.957Z","pid":19826,"event":"login-switched-while-queued","type":"session.turn.commit","nth":2}
{"at":"2026-10-05T05:44:11.019Z","pid":19826,"event":"worker-command-queued","type":"session.maintenance.prepare"}
{"at":"2026-10-05T05:44:11.020Z","pid":19826,"event":"worker-command-queued","type":"session.maintenance.metadata"}
{"at":"2026-10-05T05:44:11.022Z","pid":19826,"event":"worker-command-queued","type":"session.maintenance.release"}
{"at":"2026-10-05T05:44:11.022Z","pid":19826,"event":"worker-command-queued","type":"session.maintenance.metadata"}
