[extension-memory] memory-wiki: ok 252.4 MB
[extension-memory] report: <tmp>
{
  "baselineMb": 43.078125,
  "combinedMb": null,
  "counts": {
    "totalEntries": 1,
    "ok": 1,
    "fail": 0,
    "timeout": 0
  },
  "topByDeltaMb": [
    {
      "dir": "memory-wiki",
      "file": "~/work/oss-166304/dist/extensions/memory-wiki/index.js",
      "relativeFile": "dist/extensions/memory-wiki/index.js",
      "cpuDeltaFromBaseline": {
        "userCpuUs": 673692,
        "systemCpuUs": 116578,
        "totalCpuUs": 790270
      },
      "status": "ok",
      "code": 0,
      "signal": null,
      "error": null,
      "maxRssMb": 252.375,
      "resources": {
        "pid": 10993,
        "maxRssKb": 258432,
        "userCpuUs": 700381,
        "systemCpuUs": 121516,
        "totalCpuUs": 821897,
        "runtime": {
          "node": "v24.21.0",
          "v8": "13.6.233.17-node.53",
          "abi": "137",
          "platform": "darwin",
          "arch": "arm64"
        }
      },
      "completion": "imports",
      "cleanup": {
        "childClosed": true,
        "processGroup": "verified"
      },
      "stderrPreview": "__OPENCLAW_IMPORT_COMPLETE__=629d47c7-d068-457b-8b8e-b8c1a1ffa43d\n__OPENCLAW_IMPORT_RESOURCES__={\"pid\":10993,\"maxRssKb\":258432,\"userCpuUs\":700381,\"systemCpuUs\":121516,\"runtime\":{\"node\":\"v24.21.0\",\"v8\":\"13.6.233.17-node.53\",\"abi\":\"137\",\"platform\":\"darwin\",\"arch\":\"arm64\"}}",
      "deltaFromBaselineMb": 209.296875
    }
  ],
  "qualification": {
    "qualified": false,
    "gaps": [
      "source identity unavailable or tracked source dirty"
    ],
    "scope": "cold-import-snapshot",
    "temporaryHomeRemoved": true
  }
}
[extension-memory] unqualified screening: source identity unavailable or tracked source dirty
