$ node --import ./scripts/tsx.mjs scripts/test-projects.mts extensions/memory-wiki/src/query-scheduling.test.ts extensions/memory-wiki/src/query-shared-compute.test.ts extensions/memory-wiki/src/query-reader.test.ts
[test] starting test/vitest/vitest.extension-memory.config.ts

 RUN  v5.0.1 ~/work/oss-166304

[vitest-workers] local cache hit after 2459ms
[vitest-workers] reused local compiler outputs
[vitest-workers] prepared 88dc7fe4386d in 2498ms (14604 inputs, 18662 outputs)
 ✓  extension-memory  extensions/memory-wiki/src/query-shared-compute.test.ts > memory wiki scans under shared compute contention > yields a scan at its next checkpoint to a pool waiting for the only permit 907ms
 ✓  extension-memory  extensions/memory-wiki/src/query-scheduling.test.ts > memory wiki query scheduling > serves an exact-path read without the pool while a whole-vault search scan is held 451ms
 ✓  extension-memory  extensions/memory-wiki/src/query-scheduling.test.ts > memory wiki query scheduling > leaves an unsignalled scan unbounded, as on main, and passes a caller signal through 61ms
 ✓  extension-memory  extensions/memory-wiki/src/query-reader.test.ts > memory wiki query reader > returns the same results through the worker as an in-thread whole-vault read (compiled=false) 673ms
 ✓  extension-memory  extensions/memory-wiki/src/query-scheduling.test.ts > memory wiki query scheduling > reads an uncontended scan as one task that checkpoints between segments 232ms
 ✓  extension-memory  extensions/memory-wiki/src/query-scheduling.test.ts > memory wiki query scheduling > admits at most two scans at once and queues the rest 455ms
 ✓  extension-memory  extensions/memory-wiki/src/query-reader.test.ts > memory wiki query reader > returns the same results through the worker as an in-thread whole-vault read (compiled=true) 609ms
 ✓  extension-memory  extensions/memory-wiki/src/query-reader.test.ts > memory wiki query reader > backfills underfilled digest candidates from the rest of the vault 399ms
 ✓  extension-memory  extensions/memory-wiki/src/query-reader.test.ts > memory wiki query reader > reads only compiled metadata candidates for distributed query tokens 465ms
 ✓  extension-memory  extensions/memory-wiki/src/query-reader.test.ts > memory wiki query reader > reads exact paths on the calling thread and dispatches basename reads as whole-vault lookups 59ms
 ✓  extension-memory  extensions/memory-wiki/src/query-reader.test.ts > memory wiki query reader > reads query pages without extracting the link graph 64ms
 ✓  extension-memory  extensions/memory-wiki/src/query-reader.test.ts > memory wiki query reader > applies the serialized sandbox scope inside the worker 66ms
 ✓  extension-memory  extensions/memory-wiki/src/query-reader.test.ts > memory wiki query reader > rejects a page swapped outside the vault between listing and reading 107ms
 ✓  extension-memory  extensions/memory-wiki/src/query-reader.test.ts > memory wiki query reader > rebuilds a worker boundary refusal as the same error on the host 123ms
 ✓  extension-memory  extensions/memory-wiki/src/query-reader.test.ts > memory wiki query reader > rejects a read whose signal is already aborted without dispatching it 62ms
 ✓  extension-memory  extensions/memory-wiki/src/query-reader.test.ts > memory wiki query reader > rejects a read queued behind a running scan and lets the scan finish 410ms
 ✓  extension-memory  extensions/memory-wiki/src/query-reader.test.ts > memory wiki query reader > recovers on a fresh worker after a running read is cancelled 409ms
 ×  extension-memory  extensions/memory-wiki/src/query-reader.test.ts > memory wiki query reader > returns no page when a lookup's match changes before it is read again 79ms
   → expected { …(33) } to be null
 ✓  extension-memory  extensions/memory-wiki/src/query-reader.test.ts > memory wiki query reader > recreates the reader after the plugin closes it 407ms

⎯⎯⎯⎯⎯⎯⎯ Failed Tests 1 ⎯⎯⎯⎯⎯⎯⎯

 FAIL   extension-memory  extensions/memory-wiki/src/query-reader.test.ts > memory wiki query reader > returns no page when a lookup's match changes before it is read again
AssertionError: expected { …(33) } to be null

- Expected:
null

+ Received:
{
  "absolutePath": "/private<tmp>/sources/page-4.md",
  "aliases": [],
  "bestUsedFor": [],
  "bridgeAgentIds": [],
  "bridgeRelativePath": undefined,
  "bridgeWorkspaceDir": undefined,
  "canonicalId": undefined,
  "claims": [
    {
      "confidence": 0.4,
      "evidence": [
        {
          "kind": "source",
          "note": "tally",
          "sourceId": "source.page-4",
        },
      ],
      "id": "claim.page-4.a",
      "status": "contested",
      "text": "Lantern ledger entry 4 records the harbor tally.",
    },
    {
      "evidence": [],
      "id": "claim.page-4.b",
      "status": "supported",
      "text": "Cobalt note 4.",
    },
  ],
  "confidence": undefined,
  "contradictions": [],
  "entityType": undefined,
  "hasFrontmatter": true,
  "id": "source.renamed",
  "kind": "source",
  "lastRefreshedAt": undefined,
  "linkTargets": [],
  "notEnoughFor": [],
  "pageType": "source",
  "parsed": {
    "body": "
# Harbor ledger 4

Lantern ledger body 4 cobalt cobalt cobalt cobalt 
<!-- openclaw:wiki:related:start -->
related lantern
<!-- openclaw:wiki:related:end -->
",
    "frontmatter": {
      "aliases": [],
      "claims": [
        {
          "confidence": 0.4,
          "evidence": [
            {
              "kind": "source",
              "note": "tally",
              "sourceId": "source.page-4",
            },
          ],
          "id": "claim.page-4.a",
          "status": "contested",
          "text": "Lantern ledger entry 4 records the harbor tally.",
        },
        {
          "id": "claim.page-4.b",
          "status": "supported",
          "text": "Cobalt note 4.",
        },
      ],
      "id": "source.page-4",
      "pageType": "source",
      "sourceIds": [
        "source.page-5",
      ],
      "title": "Harbor ledger 4",
      "updatedAt": "2026-05-01T00:00:00.000Z",
    },
    "hasFrontmatter": true,
  },
  "personCard": undefined,
  "privacyTier": undefined,
  "provenanceMode": undefined,
  "questions": [],
  "raw": "---
pageType: source
id: source.page-4
title: Harbor ledger 4
sourceIds:
  - source.page-5
aliases: []
updatedAt: 2026-05-01T00:00:00.000Z
claims:
  - id: claim.page-4.a
    text: Lantern ledger entry 4 records the harbor tally.
    status: contested
    confidence: 0.4
    evidence:
      - kind: source
        sourceId: source.page-4
        note: tally
  - id: claim.page-4.b
    text: Cobalt note 4.
    status: supported
---

# Harbor ledger 4

Lantern ledger body 4 cobalt cobalt cobalt cobalt 
<!-- openclaw:wiki:related:start -->
related lantern
<!-- openclaw:wiki:related:end -->
",
  "relationships": [],
  "relativePath": "sources/page-4.md",
  "sourceIds": [
    "source.page-5",
  ],
  "sourcePath": undefined,
  "sourceType": undefined,
  "title": "Harbor ledger 4",
  "unsafeLocalConfiguredPath": undefined,
  "unsafeLocalRelativePath": undefined,
  "updatedAt": "2026-05-01T00:00:00.000Z",
}

 ❯ extensions/memory-wiki/src/query-reader.test.ts:460:23
    458|     });
    459|
    460|     expect(byId.page).toBeNull();
       |                       ^
    461|     expect(byPath.page?.relativePath).toBe("sources/page-4.md");
    462|   });

⎯⎯⎯⎯⎯⎯⎯⎯⎯⎯⎯⎯⎯⎯⎯⎯⎯⎯⎯⎯⎯⎯⎯⎯[1/1]⎯


 Test Files  1 failed | 2 passed (3)
      Tests  1 failed | 18 passed (19)
   Start at  15:49:48
   Duration  10.10s (transform 57%, tests 28%, import 12%, setup 4%)

[vitest-workers] verifying completed generation before cleanup
[vitest-workers] retained completed compiler outputs for reuse
[test] failed 1 Vitest shard in 11.67s
[test] FAILED (exit 1)
[ELIFECYCLE] Test failed. See above for more details.
