
<--- Last few GCs --->

[79883:0x7a8740c000]   186640 ms: Scavenge 2721.0 (2944.1) -> 2642.1 (2922.7) MB, pooled: 212 MB, 2.67 / 0.00 ms  (average mu = 0.990, current mu = 0.990) allocation failure; 
[79883:0x7a8740c000]   186657 ms: Scavenge 2713.8 (2988.2) -> 2706.7 (2988.2) MB, pooled: 212 MB, 2.00 / 0.00 ms  (average mu = 0.990, current mu = 0.990) allocation failure; 

FATAL ERROR: invalid array length Allocation failed - JavaScript heap out of memory
----- Native stack trace -----

 1: 0x107ceedb4 node::(anonymous namespace)::DefaultAbortHandler(char const*, char const*) [~/homebrew/Cellar/node@24/24.21.0/lib/libnode.137.dylib]
 2: 0x107ceef84 node::OOMErrorHandler(char const*, v8::OOMDetails const&) [~/homebrew/Cellar/node@24/24.21.0/lib/libnode.137.dylib]
 3: 0x106e3a5d0 v8::Utils::ReportOOMFailure(v8::internal::Isolate*, char const*, v8::OOMDetails const&) [~/homebrew/Cellar/node@24/24.21.0/lib/libnode.137.dylib]
 4: 0x106e3a588 v8::internal::V8::FatalProcessOutOfMemory(v8::internal::Isolate*, char const*, v8::OOMDetails const&) [~/homebrew/Cellar/node@24/24.21.0/lib/libnode.137.dylib]
 5: 0x106ff9edc v8::internal::Heap::ShouldOptimizeForLoadTime() const [~/homebrew/Cellar/node@24/24.21.0/lib/libnode.137.dylib]
 6: 0x107306540 v8::internal::Runtime_FatalInvalidSize(int, unsigned long*, v8::internal::Isolate*) [~/homebrew/Cellar/node@24/24.21.0/lib/libnode.137.dylib]
 7: 0x10771e234 Builtins_CEntry_Return1_ArgvOnStack_NoBuiltinExit [~/homebrew/Cellar/node@24/24.21.0/lib/libnode.137.dylib]
 8: 0x10770bc80 Builtins_StringPrototypeSplit [~/homebrew/Cellar/node@24/24.21.0/lib/libnode.137.dylib]
 9: 0x129202ccc 
10: 0x129150bd4 
11: 0x129224084 
12: 0x129155e3c 
13: 0x1076bf7e8 Builtins_AsyncFunctionAwaitResolveClosure [~/homebrew/Cellar/node@24/24.21.0/lib/libnode.137.dylib]
14: 0x107794e58 Builtins_PromiseFulfillReactionJob [~/homebrew/Cellar/node@24/24.21.0/lib/libnode.137.dylib]
15: 0x1076aebd0 Builtins_RunMicrotasks [~/homebrew/Cellar/node@24/24.21.0/lib/libnode.137.dylib]
16: 0x10767e7b0 Builtins_JSRunMicrotasksEntry [~/homebrew/Cellar/node@24/24.21.0/lib/libnode.137.dylib]
17: 0x106f63a8c v8::internal::(anonymous namespace)::Invoke(v8::internal::Isolate*, v8::internal::(anonymous namespace)::InvokeParams const&) [~/homebrew/Cellar/node@24/24.21.0/lib/libnode.137.dylib]
18: 0x106f64134 v8::internal::(anonymous namespace)::InvokeWithTryCatch(v8::internal::Isolate*, v8::internal::(anonymous namespace)::InvokeParams const&) [~/homebrew/Cellar/node@24/24.21.0/lib/libnode.137.dylib]
19: 0x106f64224 v8::internal::Execution::TryRunMicrotasks(v8::internal::Isolate*, v8::internal::MicrotaskQueue*) [~/homebrew/Cellar/node@24/24.21.0/lib/libnode.137.dylib]
20: 0x106f850a8 v8::internal::MicrotaskQueue::RunMicrotasks(v8::internal::Isolate*) [~/homebrew/Cellar/node@24/24.21.0/lib/libnode.137.dylib]
21: 0x106f84ec4 v8::internal::MicrotaskQueue::PerformCheckpointInternal(v8::Isolate*) [~/homebrew/Cellar/node@24/24.21.0/lib/libnode.137.dylib]
22: 0x106bdbff4 node::InternalCallbackScope::Close() [~/homebrew/Cellar/node@24/24.21.0/lib/libnode.137.dylib]
23: 0x106bdc2ec node::InternalMakeCallback(node::Environment*, v8::Local<v8::Object>, v8::Local<v8::Object>, v8::Local<v8::Function>, int, v8::Local<v8::Value>*, node::async_context, v8::Local<v8::Value>) [~/homebrew/Cellar/node@24/24.21.0/lib/libnode.137.dylib]
24: 0x106bdc5e0 node::InternalMakeCallback(v8::Isolate*, v8::Local<v8::Object>, v8::Local<v8::Function>, int, v8::Local<v8::Value>*, node::async_context, v8::Local<v8::Value>) [~/homebrew/Cellar/node@24/24.21.0/lib/libnode.137.dylib]
25: 0x106c3b344 node::Environment::CheckImmediate(uv_check_s*) [~/homebrew/Cellar/node@24/24.21.0/lib/libnode.137.dylib]
26: 0x1027ec3dc uv__run_check [~/homebrew/Cellar/libuv/1.53.0/lib/libuv.1.0.0.dylib]
27: 0x1027e6c80 uv_run [~/homebrew/Cellar/libuv/1.53.0/lib/libuv.1.0.0.dylib]
28: 0x106bdd34c node::SpinEventLoopInternal(node::Environment*) [~/homebrew/Cellar/node@24/24.21.0/lib/libnode.137.dylib]
29: 0x106cc87b0 node::NodeMainInstance::Run(node::ExitCode*, node::Environment*) [~/homebrew/Cellar/node@24/24.21.0/lib/libnode.137.dylib]
30: 0x106cc8544 node::NodeMainInstance::Run() [~/homebrew/Cellar/node@24/24.21.0/lib/libnode.137.dylib]
31: 0x106c62d94 node::Start(int, char**) [~/homebrew/Cellar/node@24/24.21.0/lib/libnode.137.dylib]
32: 0x1920afe80 start [/usr/lib/dyld]
time: command terminated abnormally
real 186.77
user 251.51
sys 5.25
