{
  "label": "before",
  "machine": "darwin arm64 node v24.21.0",
  "capturedAt": "2026-10-07T02:38:18.536Z",
  "vault": {
    "path": "~/work/oss-166304-vault-",
    "compiled": false
  },
  "query": "cobalt lantern ledger harbor",
  "warmupMs": 6763,
  "searchWallMs": 6816,
  "eventLoopUtilization": 1,
  "mainThreadCpuMs": 6797,
  "processCpuMs": 7596,
  "eventLoopDelayMs": {
    "p50": 20.8,
    "p99": 46,
    "max": 67.6,
    "mean": 23.2
  },
  "probe": {
    "samples": 57,
    "fsAccessLatencyMs": {
      "p50": 5.3,
      "p99": 29.6,
      "max": 29.6
    },
    "timerLatenessMs": {
      "p50": 13.2,
      "p99": 31.1,
      "max": 31.1
    }
  },
  "memoryMb": {
    "mainThreadHeapUsedPeak": 439,
    "processRssPeak": 801.2,
    "processRssMinusMainHeapPeak": 571.1,
    "workerThreads": 0,
    "workerHeapUsedPeak": null,
    "workerHeapSamples": 0
  },
  "results": [
    {
      "corpus": "wiki",
      "path": "entities/page-2093.md",
      "title": "kestrel harbor orchard 2093",
      "kind": "entity",
      "score": 69,
      "snippet": "lantern cobalt ember anchor ledger harbor umber lagoon hollow.",
      "searchMode": "auto",
      "id": "entitie.page-2093",
      "updatedAt": "2026-10-21T00:00:00.000Z",
      "aliases": [
        "hollow tundra",
        "saffron"
      ],
      "matchedClaimId": "claim.page-2093.6",
      "matchedClaimStatus": "supported",
      "matchedClaimConfidence": 0.97,
      "evidenceKinds": [
        "source"
      ],
      "evidenceSourceIds": [
        "source.page-2099"
      ]
    },
    {
      "corpus": "wiki",
      "path": "entities/page-281.md",
      "title": "cobalt delta quartz 281",
      "kind": "entity",
      "score": 68,
      "snippet": "cinder velvet quartz harbor cobalt saffron isthmus ledger lantern.",
      "searchMode": "auto",
      "id": "entitie.page-281",
      "updatedAt": "2026-10-09T00:00:00.000Z",
      "aliases": [
        "saffron zephyr",
        "lagoon"
      ],
      "matchedClaimId": "claim.page-281.55",
      "matchedClaimStatus": "supported",
      "matchedClaimConfidence": 0.94,
      "evidenceKinds": [
        "source"
      ],
      "evidenceSourceIds": [
        "source.page-336"
      ]
    },
    {
      "corpus": "wiki",
      "path": "sources/page-1780.md",
      "title": "delta delta cobalt 1780",
      "kind": "source",
      "score": 67,
      "snippet": "wharf ledger yarrow harbor wharf lantern marrow anchor cobalt.",
      "searchMode": "auto",
      "id": "source.page-1780",
      "updatedAt": "2026-10-08T00:00:00.000Z",
      "aliases": [
        "willow lantern",
        "marrow"
      ],
      "matchedClaimId": "claim.page-1780.11",
      "matchedClaimStatus": "supported",
      "matchedClaimConfidence": 0.8,
      "evidenceKinds": [
        "source"
      ],
      "evidenceSourceIds": [
        "source.page-1791"
      ]
    },
    {
      "corpus": "wiki",
      "path": "sources/page-632.md",
      "title": "vellum cobalt ledger 632",
      "kind": "source",
      "score": 67,
      "snippet": "lantern nimbus isthmus ledger sextant willow harbor cobalt beacon.",
      "searchMode": "auto",
      "id": "source.page-632",
      "updatedAt": "2026-02-02T00:00:00.000Z",
      "aliases": [
        "quartz quartz",
        "ember"
      ],
      "matchedClaimId": "claim.page-632.47",
      "matchedClaimStatus": "supported",
      "matchedClaimConfidence": 0.98,
      "evidenceKinds": [
        "source"
      ],
      "evidenceSourceIds": [
        "source.page-679"
      ]
    },
    {
      "corpus": "wiki",
      "path": "entities/page-1781.md",
      "title": "ember cobalt willow 1781",
      "kind": "entity",
      "score": 66,
      "snippet": "anchor fathom zenith harbor lantern zephyr ledger cobalt wharf.",
      "searchMode": "auto",
      "id": "entitie.page-1781",
      "updatedAt": "2026-10-09T00:00:00.000Z",
      "aliases": [
        "willow ledger",
        "delta"
      ],
      "matchedClaimId": "claim.page-1781.48",
      "matchedClaimStatus": "supported",
      "matchedClaimConfidence": 0.7,
      "evidenceKinds": [
        "source"
      ],
      "evidenceSourceIds": [
        "source.page-1829"
      ]
    },
    {
      "corpus": "wiki",
      "path": "sources/page-572.md",
      "title": "cobalt velvet velvet 572",
      "kind": "source",
      "score": 65,
      "snippet": "anchor ravine harbor cobalt lantern quartz ledger ravine umber.",
      "searchMode": "auto",
      "id": "source.page-572",
      "updatedAt": "2026-09-30T00:00:00.000Z",
      "aliases": [
        "beacon delta",
        "granite"
      ],
      "matchedClaimId": "claim.page-572.27",
      "matchedClaimStatus": "supported",
      "matchedClaimConfidence": 0.56,
      "evidenceKinds": [
        "source"
      ],
      "evidenceSourceIds": [
        "source.page-599"
      ]
    },
    {
      "corpus": "wiki",
      "path": "syntheses/page-219.md",
      "title": "delta cobalt meridian 219",
      "kind": "synthesis",
      "score": 65,
      "snippet": "cobalt ledger juniper velvet juniper pewter velvet harbor lantern.",
      "searchMode": "auto",
      "id": "synthese.page-219",
      "updatedAt": "2026-08-08T00:00:00.000Z",
      "aliases": [
        "juniper beacon",
        "anchor"
      ],
      "matchedClaimId": "claim.page-219.18",
      "matchedClaimStatus": "supported",
      "matchedClaimConfidence": 0.95,
      "evidenceKinds": [
        "source"
      ],
      "evidenceSourceIds": [
        "source.page-237"
      ]
    },
    {
      "corpus": "wiki",
      "path": "sources/page-1760.md",
      "title": "harbor cinder yarrow 1760",
      "kind": "source",
      "score": 65,
      "snippet": "ledger harbor cobalt nimbus marrow ember beacon saffron lantern.",
      "searchMode": "auto",
      "id": "source.page-1760",
      "updatedAt": "2026-09-18T00:00:00.000Z",
      "aliases": [
        "meridian harbor",
        "yarrow"
      ],
      "matchedClaimId": "claim.page-1760.10",
      "matchedClaimStatus": "supported",
      "matchedClaimConfidence": 0.64,
      "evidenceKinds": [
        "source"
      ],
      "evidenceSourceIds": [
        "source.page-1770"
      ]
    },
    {
      "corpus": "wiki",
      "path": "concepts/page-1126.md",
      "title": "cobalt ravine vellum 1126",
      "kind": "concept",
      "score": 64,
      "snippet": "isthmus ledger harbor hollow cobalt lagoon sextant lantern vellum.",
      "searchMode": "auto",
      "id": "concept.page-1126",
      "updatedAt": "2026-08-15T00:00:00.000Z",
      "aliases": [
        "hollow cinder",
        "yarrow"
      ],
      "matchedClaimId": "claim.page-1126.2",
      "matchedClaimStatus": "supported",
      "matchedClaimConfidence": 0.88,
      "evidenceKinds": [
        "source"
      ],
      "evidenceSourceIds": [
        "source.page-1128"
      ]
    },
    {
      "corpus": "wiki",
      "path": "entities/page-957.md",
      "title": "lantern quarry ledger 957",
      "kind": "entity",
      "score": 64,
      "snippet": "hollow granite ledger yarrow cobalt lantern nimbus wharf harbor.",
      "searchMode": "auto",
      "id": "entitie.page-957",
      "updatedAt": "2026-02-27T00:00:00.000Z",
      "aliases": [
        "beacon delta",
        "velvet"
      ],
      "matchedClaimId": "claim.page-957.19",
      "matchedClaimStatus": "supported",
      "matchedClaimConfidence": 0.72,
      "evidenceKinds": [
        "source"
      ],
      "evidenceSourceIds": [
        "source.page-976"
      ]
    }
  ]
}
